Component: ARM Compiler 5.06 update 7 (build 960) Tool: armlink [4d3601]

==============================================================================

Section Cross References

    main.o(i.PORTC_PORTD_IRQHandler) refers to main.o(i.reset_system_state) for reset_system_state
    main.o(i.PORTC_PORTD_IRQHandler) refers to main.o(.data) for bSW1Pressed
    main.o(i.SetGPIOPriority) refers to main.o(i.__NVIC_SetPriority) for __NVIC_SetPriority
    main.o(i.SetSysTickPriority) refers to main.o(i.__NVIC_SetPriority) for __NVIC_SetPriority
    main.o(i.SysTick_Handler) refers to main.o(.data) for msTicks
    main.o(i.TIMER_Init) refers to aeabi_sdiv.o(.text) for __aeabi_idivmod
    main.o(i.TIMER_Init) refers to main.o(.data) for prescalar_factor
    main.o(i.TPM0_IRQHandler) refers to main.o(.data) for bIsTimerExpired
    main.o(i.initSwitch) refers to main.o(i.__NVIC_EnableIRQ) for __NVIC_EnableIRQ
    main.o(i.main) refers to _printf_pad.o(.text) for _printf_pre_padding
    main.o(i.main) refers to _printf_percent.o(.ARM.Collect$$_printf_percent$$00000000) for _printf_percent
    main.o(i.main) refers to _printf_d.o(.ARM.Collect$$_printf_percent$$00000009) for _printf_d
    main.o(i.main) refers to _printf_dec.o(.text) for _printf_int_dec
    main.o(i.main) refers to main.o(i.SetSystemClock) for SetSystemClock
    main.o(i.main) refers to main.o(i.initLed) for initLed
    main.o(i.main) refers to main.o(i.initSwitch) for initSwitch
    main.o(i.main) refers to main.o(i.init_systick_interupt) for init_systick_interupt
    main.o(i.main) refers to main.o(i.SetSysTickPriority) for SetSysTickPriority
    main.o(i.main) refers to main.o(i.SetGPIOPriority) for SetGPIOPriority
    main.o(i.main) refers to lcd.o(i.LCD_Init) for LCD_Init
    main.o(i.main) refers to pin_mux.o(i.BOARD_InitPins) for BOARD_InitPins
    main.o(i.main) refers to clock_config.o(i.BOARD_BootClockRUN) for BOARD_BootClockRUN
    main.o(i.main) refers to board.o(i.BOARD_InitDebugConsole) for BOARD_InitDebugConsole
    main.o(i.main) refers to main.o(i.TIMER_Init) for TIMER_Init
    main.o(i.main) refers to i2c.o(i.initI2C0) for initI2C0
    main.o(i.main) refers to main.o(i.__NVIC_EnableIRQ) for __NVIC_EnableIRQ
    main.o(i.main) refers to mag.o(i.initMagnetometer) for initMagnetometer
    main.o(i.main) refers to lcd.o(i.LCD_Display) for LCD_Display
    main.o(i.main) refers to i2c.o(i.readI2C_single) for readI2C_single
    main.o(i.main) refers to mag.o(i.Magnetometer_Run) for Magnetometer_Run
    main.o(i.main) refers to noretval__2snprintf.o(.text) for __2snprintf
    main.o(i.main) refers to mag.o(i.Magnetometer_Acq) for Magnetometer_Acq
    main.o(i.main) refers to mag.o(i.Magnetometer_Avg) for Magnetometer_Avg
    main.o(i.main) refers to main.o(.data) for bSW3Pressed
    main.o(i.reset_system_state) refers to main.o(.data) for system_active
    lcd.o(i.LCD_Display) refers to lcd.o(.data) for bLCD_CharPosition
    lcd.o(i.LCD_Display) refers to lcd.o(.constdata) for WF_ORDERING_TABLE
    lcd.o(i.LCD_Init) refers to lcd.o(i.SLCD_ConfigureClock) for SLCD_ConfigureClock
    lcd.o(i.LCD_Init) refers to lcd.o(i.SLCD_SetupPins) for SLCD_SetupPins
    lcd.o(i.LCD_Init) refers to lcd.o(i.SLCD_ConfigureGCR) for SLCD_ConfigureGCR
    lcd.o(i.LCD_Init) refers to lcd.o(i.SLCD_EnablePins) for SLCD_EnablePins
    lcd.o(i.LCD_Init) refers to lcd.o(i.SLCD_EnableModule) for SLCD_EnableModule
    lcd.o(i.SLCD_EnablePins) refers to lcd.o(.constdata) for WF_ORDERING_TABLE
    mag.o(i.Magnetometer_Acq) refers to i2c.o(i.readI2C_multi) for readI2C_multi
    mag.o(i.Magnetometer_Acq) refers to main.o(.data) for DATA_READ
    mag.o(i.Magnetometer_Avg) refers to main.o(.data) for MAG_DATA_MAX_AXIS
    mag.o(i.Magnetometer_Run) refers to i2c.o(i.readI2C_multi) for readI2C_multi
    mag.o(i.Magnetometer_Run) refers to dflti.o(.text) for __aeabi_i2d
    mag.o(i.Magnetometer_Run) refers to ddiv.o(.text) for __aeabi_ddiv
    mag.o(i.Magnetometer_Run) refers to atan.o(i.atan) for atan
    mag.o(i.Magnetometer_Run) refers to dmul.o(.text) for __aeabi_dmul
    mag.o(i.Magnetometer_Run) refers to daddsub.o(.text) for __aeabi_drsub
    mag.o(i.Magnetometer_Run) refers to dfixi.o(.text) for __aeabi_d2iz
    mag.o(i.Magnetometer_Run) refers to main.o(.data) for DATA_READ
    mag.o(i.initMagnetometer) refers to i2c.o(i.readI2C_single) for readI2C_single
    mag.o(i.initMagnetometer) refers to i2c.o(i.sendI2C_multi) for sendI2C_multi
    i2c.o(i.readI2C_multi) refers to i2c.o(i.delay) for delay
    i2c.o(i.readI2C_multi) refers to main.o(.data) for DATA_READ
    i2c.o(i.readI2C_single) refers to i2c.o(i.delay) for delay
    i2c.o(i.sendI2C_multi) refers to i2c.o(i.delay) for delay
    i2c.o(i.sendI2C_single) refers to i2c.o(i.delay) for delay
    board.o(i.BOARD_InitDebugConsole) refers to fsl_clock.o(i.CLOCK_GetPllFllSelClkFreq) for CLOCK_GetPllFllSelClkFreq
[...]
    ../clib/memcpset.c                       0x00000000   Number         0  rt_memcpy.o ABSOLUTE
    ../clib/memcpset.c                       0x00000000   Number         0  rt_memclr.o ABSOLUTE
    ../clib/misc.s                           0x00000000   Number         0  printf_stubs.o ABSOLUTE
    ../clib/printf.c                         0x00000000   Number         0  __printf_nopercent.o ABSOLUTE
    ../clib/printf.c                         0x00000000   Number         0  _printf_dec.o ABSOLUTE
    ../clib/printf.c                         0x00000000   Number         0  _printf_char_common.o ABSOLUTE
    ../clib/printf.c                         0x00000000   Number         0  _printf_intcommon.o ABSOLUTE
    ../clib/printf.c                         0x00000000   Number         0  __printf_flags.o ABSOLUTE
    ../clib/printf.c                         0x00000000   Number         0  __printf_ss.o ABSOLUTE
    ../clib/printf.c                         0x00000000   Number         0  __printf_flags_ss.o ABSOLUTE
    ../clib/printf.c                         0x00000000   Number         0  __printf_wp.o ABSOLUTE
    ../clib/printf.c                         0x00000000   Number         0  __printf_flags_wp.o ABSOLUTE
    ../clib/printf.c                         0x00000000   Number         0  __printf_ss_wp.o ABSOLUTE
    ../clib/printf.c                         0x00000000   Number         0  __printf_flags_ss_wp.o ABSOLUTE
    ../clib/printf.c                         0x00000000   Number         0  __2snprintf.o ABSOLUTE
    ../clib/printf.c                         0x00000000   Number         0  noretval__2snprintf.o ABSOLUTE
    ../clib/printf.c                         0x00000000   Number         0  _sputc.o ABSOLUTE
    ../clib/printf.c                         0x00000000   Number         0  __printf.o ABSOLUTE
    ../clib/printf.c                         0x00000000   Number         0  _printf_pad.o ABSOLUTE
    ../clib/printf.c                         0x00000000   Number         0  _snputc.o ABSOLUTE
    ../clib/printf_percent.s                 0x00000000   Number         0  _printf_d.o ABSOLUTE
    ../clib/printf_percent.s                 0x00000000   Number         0  _printf_percent_end.o ABSOLUTE
    ../clib/printf_percent.s                 0x00000000   Number         0  _printf_percent.o ABSOLUTE
    ../clib/signal.c                         0x00000000   Number         0  __raise.o ABSOLUTE
    ../clib/signal.c                         0x00000000   Number         0  defsig_exit.o ABSOLUTE
    ../clib/signal.c                         0x00000000   Number         0  defsig_fpe_formal.o ABSOLUTE
    ../clib/signal.c                         0x00000000   Number         0  defsig_rtmem_inner.o ABSOLUTE
    ../clib/signal.c                         0x00000000   Number         0  defsig_fpe_outer.o ABSOLUTE
    ../clib/signal.c                         0x00000000   Number         0  defsig_stak_inner.o ABSOLUTE
    ../clib/signal.c                         0x00000000   Number         0  defsig_rtred_inner.o ABSOLUTE
    ../clib/signal.c                         0x00000000   Number         0  defsig_fpe_inner.o ABSOLUTE
    ../clib/signal.c                         0x00000000   Number         0  defsig_abrt_inner.o ABSOLUTE
    ../clib/signal.c                         0x00000000   Number         0  defsig_abrt_outer.o ABSOLUTE
    ../clib/signal.c                         0x00000000   Number         0  defsig_abrt_formal.o ABSOLUTE
    ../clib/signal.c                         0x00000000   Number         0  defsig_rtmem_outer.o ABSOLUTE
    ../clib/signal.c                         0x00000000   Number         0  defsig_rtmem_formal.o ABSOLUTE
    ../clib/signal.c                         0x00000000   Number         0  defsig_pvfn_inner.o ABSOLUTE
    ../clib/signal.c                         0x00000000   Number         0  defsig_cppl_inner.o ABSOLUTE
    ../clib/signal.c                         0x00000000   Number         0  defsig_segv_inner.o ABSOLUTE
    ../clib/signal.c                         0x00000000   Number         0  defsig_other.o ABSOLUTE
    ../clib/signal.c                         0x00000000   Number         0  defsig_general.o ABSOLUTE
    ../clib/signal.s                         0x00000000   Number         0  defsig.o ABSOLUTE
    ../clib/stdlib.c                         0x00000000   Number         0  exit.o ABSOLUTE
    ../clib/stdlib.c                         0x00000000   Number         0  abort.o ABSOLUTE
    ../clib/string.c                         0x00000000   Number         0  strlen.o ABSOLUTE
    ../fplib/cfplib/daddsub.c                0x00000000   Number         0  daddsub.o ABSOLUTE
    ../fplib/cfplib/ddiv.c                   0x00000000   Number         0  ddiv.o ABSOLUTE
    ../fplib/cfplib/dmul.c                   0x00000000   Number         0  dmul.o ABSOLUTE
    ../fplib/cfplib/ffix.c                   0x00000000   Number         0  dfixi.o ABSOLUTE
    ../fplib/cfplib/fflt.c                   0x00000000   Number         0  dflti.o ABSOLUTE
    ../fplib/cfplib/fpinit.c                 0x00000000   Number         0  fpinit.o ABSOLUTE
    ../fplib/cfplib/scalbn.c                 0x00000000   Number         0  dscalbn.o ABSOLUTE
    ../fplib/usenofp.s                       0x00000000   Number         0  usenofp.o ABSOLUTE
    ../mathlib/atan.c                        0x00000000   Number         0  atan_x.o ABSOLUTE
    ../mathlib/atan.c                        0x00000000   Number         0  atan.o ABSOLUTE
    ../mathlib/dunder.c                      0x00000000   Number         0  dunder.o ABSOLUTE
    ../mathlib/fpclassify.c                  0x00000000   Number         0  fpclassify.o ABSOLUTE
    ../mathlib/poly.c                        0x00000000   Number         0  poly.o ABSOLUTE
    C:/Users/ASUS/AppData/Local/Arm/Packs/NXP/MKL46Z4_DFP/10.0.3/drivers/fsl_clock.c 0x00000000   Number         0  fsl_clock.o ABSOLUTE
    C:/Users/ASUS/AppData/Local/Arm/Packs/NXP/MKL46Z4_DFP/10.0.3/drivers/fsl_common.c 0x00000000   Number         0  fsl_common.o ABSOLUTE
    C:/Users/ASUS/AppData/Local/Arm/Packs/NXP/MKL46Z4_DFP/10.0.3/drivers/fsl_ftfx_cache.c 0x00000000   Number         0  fsl_ftfx_cache.o ABSOLUTE
    C:/Users/ASUS/AppData/Local/Arm/Packs/NXP/MKL46Z4_DFP/10.0.3/drivers/fsl_ftfx_controller.c 0x00000000   Number         0  fsl_ftfx_controller.o ABSOLUTE
    C:/Users/ASUS/AppData/Local/Arm/Packs/NXP/MKL46Z4_DFP/10.0.3/drivers/fsl_ftfx_flash.c 0x00000000   Number         0  fsl_ftfx_flash.o ABSOLUTE
    C:/Users/ASUS/AppData/Local/Arm/Packs/NXP/MKL46Z4_DFP/10.0.3/drivers/fsl_ftfx_flexnvm.c 0x00000000   Number         0  fsl_ftfx_flexnvm.o ABSOLUTE
    C:/Users/ASUS/AppData/Local/Arm/Packs/NXP/MKL46Z4_DFP/10.0.3/drivers/fsl_gpio.c 0x00000000   Number         0  fsl_gpio.o ABSOLUTE
    C:/Users/ASUS/AppData/Local/Arm/Packs/NXP/MKL46Z4_DFP/10.0.3/drivers/fsl_i2c.c 0x00000000   Number         0  fsl_i2c.o ABSOLUTE
    C:/Users/ASUS/AppData/Local/Arm/Packs/NXP/MKL46Z4_DFP/10.0.3/drivers/fsl_lpsci.c 0x00000000   Number         0  fsl_lpsci.o ABSOLUTE
    C:/Users/ASUS/AppData/Local/Arm/Packs/NXP/MKL46Z4_DFP/10.0.3/drivers/fsl_smc.c 0x00000000   Number         0  fsl_smc.o ABSOLUTE
    C:/Users/ASUS/AppData/Local/Arm/Packs/NXP/MKL46Z4_DFP/10.0.3/drivers/fsl_uart.c 0x00000000   Number         0  fsl_uart.o ABSOLUTE
    C:/Users/ASUS/AppData/Local/Arm/Packs/NXP/MKL46Z4_DFP/10.0.3/utilities/fsl_debug_console.c 0x00000000   Number         0  fsl_debug_console.o ABSOLUTE
    C:/Users/ASUS/AppData/Local/Arm/Packs/NXP/MKL46Z4_DFP/10.0.3/utilities/io/fsl_io.c 0x00000000   Number         0  fsl_io.o ABSOLUTE
    C:/Users/ASUS/AppData/Local/Arm/Packs/NXP/MKL46Z4_DFP/10.0.3/utilities/log/fsl_log.c 0x00000000   Number         0  fsl_log.o ABSOLUTE
    C:/Users/ASUS/AppData/Local/Arm/Packs/NXP/MKL46Z4_DFP/10.0.3/utilities/str/fsl_str.c 0x00000000   Number         0  fsl_str.o ABSOLUTE
    C:\Users\ASUS\AppData\Local\Arm\Packs\NXP\MKL46Z4_DFP\10.0.3\drivers\fsl_clock.c 0x00000000   Number         0  fsl_clock.o ABSOLUTE
    C:\Users\ASUS\AppData\Local\Arm\Packs\NXP\MKL46Z4_DFP\10.0.3\drivers\fsl_common.c 0x00000000   Number         0  fsl_common.o ABSOLUTE
    C:\Users\ASUS\AppData\Local\Arm\Packs\NXP\MKL46Z4_DFP\10.0.3\drivers\fsl_ftfx_cache.c 0x00000000   Number         0  fsl_ftfx_cache.o ABSOLUTE
    C:\Users\ASUS\AppData\Local\Arm\Packs\NXP\MKL46Z4_DFP\10.0.3\drivers\fsl_ftfx_controller.c 0x00000000   Number         0  fsl_ftfx_controller.o ABSOLUTE
    C:\Users\ASUS\AppData\Local\Arm\Packs\NXP\MKL46Z4_DFP\10.0.3\drivers\fsl_ftfx_flash.c 0x00000000   Number         0  fsl_ftfx_flash.o ABSOLUTE
    C:\Users\ASUS\AppData\Local\Arm\Packs\NXP\MKL46Z4_DFP\10.0.3\drivers\fsl_ftfx_flexnvm.c 0x00000000   Number         0  fsl_ftfx_flexnvm.o ABSOLUTE
    C:\Users\ASUS\AppData\Local\Arm\Packs\NXP\MKL46Z4_DFP\10.0.3\drivers\fsl_gpio.c 0x00000000   Number         0  fsl_gpio.o ABSOLUTE
    C:\Users\ASUS\AppData\Local\Arm\Packs\NXP\MKL46Z4_DFP\10.0.3\drivers\fsl_i2c.c 0x00000000   Number         0  fsl_i2c.o ABSOLUTE
    C:\Users\ASUS\AppData\Local\Arm\Packs\NXP\MKL46Z4_DFP\10.0.3\drivers\fsl_lpsci.c 0x00000000   Number         0  fsl_lpsci.o ABSOLUTE
    C:\Users\ASUS\AppData\Local\Arm\Packs\NXP\MKL46Z4_DFP\10.0.3\drivers\fsl_smc.c 0x00000000   Number         0  fsl_smc.o ABSOLUTE
    C:\Users\ASUS\AppData\Local\Arm\Packs\NXP\MKL46Z4_DFP\10.0.3\drivers\fsl_uart.c 0x00000000   Number         0  fsl_uart.o ABSOLUTE
    C:\Users\ASUS\AppData\Local\Arm\Packs\NXP\MKL46Z4_DFP\10.0.3\utilities\fsl_debug_console.c 0x00000000   Number         0  fsl_debug_console.o ABSOLUTE
    C:\Users\ASUS\AppData\Local\Arm\Packs\NXP\MKL46Z4_DFP\10.0.3\utilities\io\fsl_io.c 0x00000000   Number         0  fsl_io.o ABSOLUTE
    C:\Users\ASUS\AppData\Local\Arm\Packs\NXP\MKL46Z4_DFP\10.0.3\utilities\log\fsl_log.c 0x00000000   Number         0  fsl_log.o ABSOLUTE
    C:\Users\ASUS\AppData\Local\Arm\Packs\NXP\MKL46Z4_DFP\10.0.3\utilities\str\fsl_str.c 0x00000000   Number         0  fsl_str.o ABSOLUTE
    RTE/Board_Support/MKL46Z256VLL4/board.c  0x00000000   Number         0  board.o ABSOLUTE
    RTE/Board_Support/MKL46Z256VLL4/clock_config.c 0x00000000   Number         0  clock_config.o ABSOLUTE
    RTE/Board_Support/MKL46Z256VLL4/peripherals.c 0x00000000   Number         0  peripherals.o ABSOLUTE
    RTE/Board_Support/MKL46Z256VLL4/pin_mux.c 0x00000000   Number         0  pin_mux.o ABSOLUTE
    RTE/Device/MKL46Z256VLL4/startup_MKL46Z4.s 0x00000000   Number         0  startup_mkl46z4.o ABSOLUTE
    RTE/Device/MKL46Z256VLL4/system_MKL46Z4.c 0x00000000   Number         0  system_mkl46z4.o ABSOLUTE
    RTE\Board_Support\MKL46Z256VLL4\board.c  0x00000000   Number         0  board.o ABSOLUTE
    RTE\Board_Support\MKL46Z256VLL4\clock_config.c 0x00000000   Number         0  clock_config.o ABSOLUTE
    RTE\Board_Support\MKL46Z256VLL4\pin_mux.c 0x00000000   Number         0  pin_mux.o ABSOLUTE
    RTE\Device\MKL46Z256VLL4\system_MKL46Z4.c 0x00000000   Number         0  system_mkl46z4.o ABSOLUTE
    dc.s                                     0x00000000   Number         0  dc.o ABSOLUTE
    i2c.c                                    0x00000000   Number         0  i2c.o ABSOLUTE
    i2c.c                                    0x00000000   Number         0  i2c.o ABSOLUTE
    lcd.c                                    0x00000000   Number         0  lcd.o ABSOLUTE
    lcd.c                                    0x00000000   Number         0  lcd.o ABSOLUTE
    mag.c                                    0x00000000   Number         0  mag.o ABSOLUTE
    mag.c                                    0x00000000   Number         0  mag.o ABSOLUTE
    main.c                                   0x00000000   Number         0  main.o ABSOLUTE
    main.c                                   0x00000000   Number         0  main.o ABSOLUTE
    FlashConfig                              0x00000400   Section       16  startup_mkl46z4.o(FlashConfig)
    !!!main                                  0x00000410   Section        8  __main.o(!!!main)
    !!!scatter                               0x00000418   Section       60  __scatter.o(!!!scatter)
    !!handler_copy                           0x00000454   Section       26  __scatter_copy.o(!!handler_copy)
    !!handler_zi                             0x00000470   Section       28  __scatter_zi.o(!!handler_zi)
    .ARM.Collect$$_printf_percent$$00000000  0x0000048c   Section        2  _printf_percent.o(.ARM.Collect$$_printf_percent$$00000000)
    .ARM.Collect$$_printf_percent$$00000009  0x0000048e   Section       10  _printf_d.o(.ARM.Collect$$_printf_percent$$00000009)
    .ARM.Collect$$_printf_percent$$00000017  0x00000498   Section        4  _printf_percent_end.o(.ARM.Collect$$_printf_percent$$00000017)
    .ARM.Collect$$libinit$$00000000          0x0000049c   Section        2  libinit.o(.ARM.Collect$$libinit$$00000000)
    .ARM.Collect$$libinit$$00000002          0x0000049e   Section        0  libinit2.o(.ARM.Collect$$libinit$$00000002)
    .ARM.Collect$$libinit$$00000004          0x0000049e   Section        0  libinit2.o(.ARM.Collect$$libinit$$00000004)
    .ARM.Collect$$libinit$$0000000A          0x0000049e   Section        0  libinit2.o(.ARM.Collect$$libinit$$0000000A)
    .ARM.Collect$$libinit$$0000000C          0x0000049e   Section        0  libinit2.o(.ARM.Collect$$libinit$$0000000C)
    .ARM.Collect$$libinit$$0000000E          0x0000049e   Section        0  libinit2.o(.ARM.Collect$$libinit$$0000000E)
    .ARM.Collect$$libinit$$00000011          0x0000049e   Section        0  libinit2.o(.ARM.Collect$$libinit$$00000011)
    .ARM.Collect$$libinit$$00000013          0x0000049e   Section        0  libinit2.o(.ARM.Collect$$libinit$$00000013)
    .ARM.Collect$$libinit$$00000015          0x0000049e   Section        0  libinit2.o(.ARM.Collect$$libinit$$00000015)
    .ARM.Collect$$libinit$$00000017          0x0000049e   Section        0  libinit2.o(.ARM.Collect$$libinit$$00000017)
    .ARM.Collect$$libinit$$00000019          0x0000049e   Section        0  libinit2.o(.ARM.Collect$$libinit$$00000019)
    .ARM.Collect$$libinit$$0000001B          0x0000049e   Section        0  libinit2.o(.ARM.Collect$$libinit$$0000001B)
    .ARM.Collect$$libinit$$0000001D          0x0000049e   Section        0  libinit2.o(.ARM.Collect$$libinit$$0000001D)
    .ARM.Collect$$libinit$$0000001F          0x0000049e   Section        0  libinit2.o(.ARM.Collect$$libinit$$0000001F)
    .ARM.Collect$$libinit$$00000021          0x0000049e   Section        0  libinit2.o(.ARM.Collect$$libinit$$00000021)
    .ARM.Collect$$libinit$$00000023          0x0000049e   Section        0  libinit2.o(.ARM.Collect$$libinit$$00000023)
    .ARM.Collect$$libinit$$00000025          0x0000049e   Section        0  libinit2.o(.ARM.Collect$$libinit$$00000025)
    .ARM.Collect$$libinit$$0000002C          0x0000049e   Section        0  libinit2.o(.ARM.Collect$$libinit$$0000002C)
    .ARM.Collect$$libinit$$0000002E          0x0000049e   Section        0  libinit2.o(.ARM.Collect$$libinit$$0000002E)
    .ARM.Collect$$libinit$$00000030          0x0000049e   Section        0  libinit2.o(.ARM.Collect$$libinit$$00000030)
    .ARM.Collect$$libinit$$00000032          0x0000049e   Section        0  libinit2.o(.ARM.Collect$$libinit$$00000032)
    .ARM.Collect$$libinit$$00000033          0x0000049e   Section        2  libinit2.o(.ARM.Collect$$libinit$$00000033)
    .ARM.Collect$$libshutdown$$00000000      0x000004a0   Section        2  libshutdown.o(.ARM.Collect$$libshutdown$$00000000)
    .ARM.Collect$$libshutdown$$00000002      0x000004a2   Section        0  libshutdown2.o(.ARM.Collect$$libshutdown$$00000002)
    .ARM.Collect$$libshutdown$$00000004      0x000004a2   Section        0  libshutdown2.o(.ARM.Collect$$libshutdown$$00000004)
    .ARM.Collect$$libshutdown$$00000006      0x000004a2   Section        0  libshutdown2.o(.ARM.Collect$$libshutdown$$00000006)
    .ARM.Collect$$libshutdown$$00000009      0x000004a2   Section        0  libshutdown2.o(.ARM.Collect$$libshutdown$$00000009)
    .ARM.Collect$$libshutdown$$0000000C      0x000004a2   Section        0  libshutdown2.o(.ARM.Collect$$libshutdown$$0000000C)
    .ARM.Collect$$libshutdown$$0000000E      0x000004a2   Section        0  libshutdown2.o(.ARM.Collect$$libshutdown$$0000000E)
    .ARM.Collect$$libshutdown$$00000011      0x000004a2   Section        0  libshutdown2.o(.ARM.Collect$$libshutdown$$00000011)
    .ARM.Collect$$libshutdown$$00000012      0x000004a2   Section        2  libshutdown2.o(.ARM.Collect$$libshutdown$$00000012)
    .ARM.Collect$$rtentry$$00000000          0x000004a4   Section        0  __rtentry.o(.ARM.Collect$$rtentry$$00000000)
    .ARM.Collect$$rtentry$$00000002          0x000004a4   Section        0  __rtentry2.o(.ARM.Collect$$rtentry$$00000002)
    .ARM.Collect$$rtentry$$00000007          0x000004a4   Section        4  __rtentry7.o(.ARM.Collect$$rtentry$$00000007)
    .ARM.Collect$$rtentry$$00000009          0x000004a8   Section        0  __rtentry2.o(.ARM.Collect$$rtentry$$00000009)
    .ARM.Collect$$rtentry$$0000000A          0x000004a8   Section        4  __rtentry2.o(.ARM.Collect$$rtentry$$0000000A)
    .ARM.Collect$$rtentry$$0000000C          0x000004ac   Section        0  __rtentry2.o(.ARM.Collect$$rtentry$$0000000C)
    .ARM.Collect$$rtentry$$0000000D          0x000004ac   Section        8  __rtentry2.o(.ARM.Collect$$rtentry$$0000000D)
    .ARM.Collect$$rtentry$$00002718          0x000004b4   Section        4  __rtentry7.o(.ARM.Collect$$rtentry$$00002718)
    __lit__00000000                          0x000004b4   Data           4  __rtentry7.o(.ARM.Collect$$rtentry$$00002718)
    .ARM.Collect$$rtexit$$00000000           0x000004b8   Section        2  rtexit.o(.ARM.Collect$$rtexit$$00000000)
    .ARM.Collect$$rtexit$$00000002           0x000004ba   Section        0  rtexit2.o(.ARM.Collect$$rtexit$$00000002)
    .ARM.Collect$$rtexit$$00000003           0x000004ba   Section        4  rtexit2.o(.ARM.Collect$$rtexit$$00000003)
    .ARM.Collect$$rtexit$$00000004           0x000004be   Section        6  rtexit2.o(.ARM.Collect$$rtexit$$00000004)
    .text                                    0x000004c4   Section      156  startup_mkl46z4.o(.text)
    .text                                    0x00000560   Section        0  noretval__2snprintf.o(.text)
    .text                                    0x00000598   Section        0  _printf_pad.o(.text)
    .text                                    0x000005e8   Section        0  _printf_dec.o(.text)
    .text                                    0x00000654   Section        0  __printf_wp.o(.text)
    .text                                    0x00000764   Section        0  assert.o(.text)
    .text                                    0x000007e0   Section      346  aeabi_sdiv.o(.text)
    .text                                    0x0000093c   Section        0  daddsub.o(.text)
    _dadd1                                   0x0000093d   Thumb Code   290  daddsub.o(.text)
    _dsub1                                   0x00000a5f   Thumb Code   470  daddsub.o(.text)
    .text                                    0x00000c94   Section        0  ddiv.o(.text)
    .text                                    0x000010dc   Section        0  dfixi.o(.text)
    .text                                    0x00001148   Section        0  dflti.o(.text)
    .text                                    0x000011a0   Section        0  dmul.o(.text)
    .text                                    0x000013e8   Section        0  _printf_intcommon.o(.text)
    .text                                    0x00001498   Section        0  _printf_char_common.o(.text)
    _printf_input_char                       0x00001499   Thumb Code    10  _printf_char_common.o(.text)
    .text                                    0x000014c8   Section        0  _sputc.o(.text)
    .text                                    0x000014d2   Section        0  _snputc.o(.text)
    .text                                    0x000014e2   Section        0  abort.o(.text)
    .text                                    0x000014f6   Section        0  assert_puts.o(.text)
    .text                                    0x0000150a   Section        0  rtudiv10.o(.text)
    .text                                    0x00001534   Section        0  dscalbn.o(.text)
    .text                                    0x00001594   Section        0  sys_wrch.o(.text)
    .text                                    0x000015a0   Section        0  sys_exit.o(.text)
    .text                                    0x000015ac   Section        0  defsig_abrt_outer.o(.text)
    .text                                    0x000015b8   Section        2  use_no_semi.o(.text)
    .text                                    0x000015ba   Section        0  indicate_semi.o(.text)
    .text                                    0x000015ba   Section        0  exit.o(.text)
    .text                                    0x000015ca   Section        0  defsig_exit.o(.text)
    .text                                    0x000015d8   Section        0  defsig_abrt_inner.o(.text)
    .text                                    0x00001608   Section        0  defsig_general.o(.text)
    i.BOARD_BootClockRUN                     0x0000163c   Section        0  clock_config.o(i.BOARD_BootClockRUN)
    i.BOARD_InitDebugConsole                 0x000016a8   Section        0  board.o(i.BOARD_InitDebugConsole)
    i.BOARD_InitPins                         0x000016e4   Section        0  pin_mux.o(i.BOARD_InitPins)
    i.CLOCK_BootToPeeMode                    0x0000172c   Section        0  fsl_clock.o(i.CLOCK_BootToPeeMode)
    i.CLOCK_CONFIG_SetFllExtRefDiv           0x00001788   Section        0  clock_config.o(i.CLOCK_CONFIG_SetFllExtRefDiv)
    CLOCK_CONFIG_SetFllExtRefDiv             0x00001789   Thumb Code    22  clock_config.o(i.CLOCK_CONFIG_SetFllExtRefDiv)
    i.CLOCK_EnablePll0                       0x000017a4   Section        0  fsl_clock.o(i.CLOCK_EnablePll0)
    i.CLOCK_GetFllExtRefClkFreq              0x0000180c   Section        0  fsl_clock.o(i.CLOCK_GetFllExtRefClkFreq)
    CLOCK_GetFllExtRefClkFreq                0x0000180d   Thumb Code   110  fsl_clock.o(i.CLOCK_GetFllExtRefClkFreq)
    i.CLOCK_GetFllFreq                       0x00001880   Section        0  fsl_clock.o(i.CLOCK_GetFllFreq)
    i.CLOCK_GetFllRefClkFreq                 0x000018d8   Section        0  fsl_clock.o(i.CLOCK_GetFllRefClkFreq)
    CLOCK_GetFllRefClkFreq                   0x000018d9   Thumb Code    28  fsl_clock.o(i.CLOCK_GetFllRefClkFreq)
    i.CLOCK_GetMcgExtClkFreq                 0x000018fc   Section        0  fsl_clock.o(i.CLOCK_GetMcgExtClkFreq)
    CLOCK_GetMcgExtClkFreq                   0x000018fd   Thumb Code    28  fsl_clock.o(i.CLOCK_GetMcgExtClkFreq)
    i.CLOCK_GetOscRangeFromFreq              0x0000192c   Section        0  fsl_clock.o(i.CLOCK_GetOscRangeFromFreq)
    CLOCK_GetOscRangeFromFreq                0x0000192d   Thumb Code    26  fsl_clock.o(i.CLOCK_GetOscRangeFromFreq)
    i.CLOCK_GetPll0Freq                      0x00001950   Section        0  fsl_clock.o(i.CLOCK_GetPll0Freq)
    i.CLOCK_GetPll0RefFreq                   0x000019b0   Section        0  fsl_clock.o(i.CLOCK_GetPll0RefFreq)
    CLOCK_GetPll0RefFreq                     0x000019b1   Thumb Code     8  fsl_clock.o(i.CLOCK_GetPll0RefFreq)
    i.CLOCK_GetPllFllSelClkFreq              0x000019b8   Section        0  fsl_clock.o(i.CLOCK_GetPllFllSelClkFreq)
    i.CLOCK_InitOsc0                         0x000019f0   Section        0  fsl_clock.o(i.CLOCK_InitOsc0)
    i.CLOCK_SetExternalRefClkConfig          0x00001a68   Section        0  fsl_clock.o(i.CLOCK_SetExternalRefClkConfig)
    i.CLOCK_SetInternalRefClkConfig          0x00001a70   Section        0  fsl_clock.o(i.CLOCK_SetInternalRefClkConfig)
    i.CLOCK_SetPbeMode                       0x00001b1c   Section        0  fsl_clock.o(i.CLOCK_SetPbeMode)
    i.CLOCK_SetSimConfig                     0x00001bac   Section        0  fsl_clock.o(i.CLOCK_SetSimConfig)
    i.DbgConsole_Init                        0x00001bfc   Section        0  fsl_debug_console.o(i.DbgConsole_Init)
    i.I2C0_DriverIRQHandler                  0x00001c54   Section        0  fsl_i2c.o(i.I2C0_DriverIRQHandler)
    i.I2C1_DriverIRQHandler                  0x00001c6c   Section        0  fsl_i2c.o(i.I2C1_DriverIRQHandler)
    i.I2C_TransferCommonIRQHandler           0x00001c84   Section        0  fsl_i2c.o(i.I2C_TransferCommonIRQHandler)
    I2C_TransferCommonIRQHandler             0x00001c85   Thumb Code    54  fsl_i2c.o(i.I2C_TransferCommonIRQHandler)
    i.IO_Init                                0x00001cc4   Section        0  fsl_io.o(i.IO_Init)
    i.LCD_Display                            0x00001dbc   Section        0  lcd.o(i.LCD_Display)
    i.LCD_Init                               0x00001ea0   Section        0  lcd.o(i.LCD_Init)
    i.LOG_Init                               0x00001eb8   Section        0  fsl_log.o(i.LOG_Init)
    i.LPSCI_GetDefaultConfig                 0x00001ed8   Section        0  fsl_lpsci.o(i.LPSCI_GetDefaultConfig)
    i.LPSCI_GetInstance                      0x00001f10   Section        0  fsl_lpsci.o(i.LPSCI_GetInstance)
    i.LPSCI_Init                             0x00001f6c   Section        0  fsl_lpsci.o(i.LPSCI_Init)
    i.Magnetometer_Acq                       0x0000211c   Section        0  mag.o(i.Magnetometer_Acq)
    i.Magnetometer_Avg                       0x000021cc   Section        0  mag.o(i.Magnetometer_Avg)
    i.Magnetometer_Run                       0x00002204   Section        0  mag.o(i.Magnetometer_Run)
    i.PORTC_PORTD_IRQHandler                 0x0000235c   Section        0  main.o(i.PORTC_PORTD_IRQHandler)
    i.PORT_SetPinMux                         0x000023f8   Section        0  pin_mux.o(i.PORT_SetPinMux)
    PORT_SetPinMux                           0x000023f9   Thumb Code    28  pin_mux.o(i.PORT_SetPinMux)
    i.SLCD_ConfigureClock                    0x00002414   Section        0  lcd.o(i.SLCD_ConfigureClock)
    i.SLCD_ConfigureGCR                      0x00002420   Section        0  lcd.o(i.SLCD_ConfigureGCR)
    i.SLCD_EnableModule                      0x00002430   Section        0  lcd.o(i.SLCD_EnableModule)
    i.SLCD_EnablePins                        0x00002444   Section        0  lcd.o(i.SLCD_EnablePins)
    i.SLCD_SetupPins                         0x000024d4   Section        0  lcd.o(i.SLCD_SetupPins)
    i.SetGPIOPriority                        0x000024fc   Section        0  main.o(i.SetGPIOPriority)
    i.SetSysTickPriority                     0x0000250a   Section        0  main.o(i.SetSysTickPriority)
    i.SetSystemClock                         0x0000251c   Section        0  main.o(i.SetSystemClock)
    i.SysTick_Handler                        0x0000256c   Section        0  main.o(i.SysTick_Handler)
    i.SystemInit                             0x000025dc   Section        0  system_mkl46z4.o(i.SystemInit)
    i.SystemInitHook                         0x000025f0   Section        0  system_mkl46z4.o(i.SystemInitHook)
    i.TIMER_Init                             0x000025f4   Section        0  main.o(i.TIMER_Init)
    i.TPM0_IRQHandler                        0x000026d0   Section        0  main.o(i.TPM0_IRQHandler)
    i.UART0_DriverIRQHandler                 0x000026ec   Section        0  fsl_lpsci.o(i.UART0_DriverIRQHandler)
    i.UART1_DriverIRQHandler                 0x00002708   Section        0  fsl_uart.o(i.UART1_DriverIRQHandler)
    i.UART2_DriverIRQHandler                 0x00002724   Section        0  fsl_uart.o(i.UART2_DriverIRQHandler)
    i.UART_GetDefaultConfig                  0x00002740   Section        0  fsl_uart.o(i.UART_GetDefaultConfig)
    i.UART_GetInstance                       0x00002778   Section        0  fsl_uart.o(i.UART_GetInstance)
    i.UART_Init                              0x000027d0   Section        0  fsl_uart.o(i.UART_Init)
    i.__ARM_common_switch8                   0x0000291c   Section        0  fsl_clock.o(i.__ARM_common_switch8)
    i.__ARM_fpclassify                       0x00002938   Section        0  fpclassify.o(i.__ARM_fpclassify)
    i.__NVIC_EnableIRQ                       0x00002964   Section        0  main.o(i.__NVIC_EnableIRQ)
    __NVIC_EnableIRQ                         0x00002965   Thumb Code    26  main.o(i.__NVIC_EnableIRQ)
    i.__NVIC_SetPriority                     0x00002984   Section        0  main.o(i.__NVIC_SetPriority)
    __NVIC_SetPriority                       0x00002985   Thumb Code   110  main.o(i.__NVIC_SetPriority)
    i.__kernel_poly                          0x000029fc   Section        0  poly.o(i.__kernel_poly)
    i.__mathlib_dbl_infnan                   0x00002aa8   Section        0  dunder.o(i.__mathlib_dbl_infnan)
    i.__mathlib_dbl_underflow                0x00002ab4   Section        0  dunder.o(i.__mathlib_dbl_underflow)
    i._is_digit                              0x00002ac8   Section        0  __printf_wp.o(i._is_digit)
    i.atan                                   0x00002ad8   Section        0  atan.o(i.atan)
    i.delay                                  0x00002cf4   Section        0  i2c.o(i.delay)
    i.initI2C0                               0x00002d04   Section        0  i2c.o(i.initI2C0)
    i.initLed                                0x00002d78   Section        0  main.o(i.initLed)
    i.initMagnetometer                       0x00002dd0   Section        0  mag.o(i.initMagnetometer)
    i.initSwitch                             0x00002df8   Section        0  main.o(i.initSwitch)
    i.init_systick_interupt                  0x00002e7c   Section        0  main.o(i.init_systick_interupt)
    i.main                                   0x00002e94   Section        0  main.o(i.main)
    i.readI2C_multi                          0x000030e8   Section        0  i2c.o(i.readI2C_multi)
    i.readI2C_single                         0x00003268   Section        0  i2c.o(i.readI2C_single)
    i.reset_system_state                     0x00003390   Section        0  main.o(i.reset_system_state)
    i.sendI2C_multi                          0x000033c0   Section        0  i2c.o(i.sendI2C_multi)
    .constdata                               0x00003484   Section      236  lcd.o(.constdata)
    x$fpl$usenofp                            0x00003484   Section        0  usenofp.o(x$fpl$usenofp)
    .constdata                               0x00003570   Section       56  clock_config.o(.constdata)
    .constdata                               0x000035a8   Section       96  fsl_clock.o(.constdata)
    mcgModeMatrix                            0x000035a8   Data          64  fsl_clock.o(.constdata)
    fllFactorTable                           0x000035e8   Data          16  fsl_clock.o(.constdata)
    trimRange                                0x000035f8   Data          16  fsl_clock.o(.constdata)
    .constdata                               0x00003608   Section       12  fsl_lpsci.o(.constdata)
    s_lpsciBases                             0x00003608   Data           4  fsl_lpsci.o(.constdata)
    s_lpsciIRQ                               0x0000360c   Data           1  fsl_lpsci.o(.constdata)
    s_lpsciClock                             0x00003610   Data           4  fsl_lpsci.o(.constdata)
    .constdata                               0x00003614   Section       28  fsl_uart.o(.constdata)
    s_uartBases                              0x00003614   Data          12  fsl_uart.o(.constdata)
    s_uartIRQ                                0x00003620   Data           3  fsl_uart.o(.constdata)
    s_uartClock                              0x00003624   Data          12  fsl_uart.o(.constdata)
    .constdata                               0x00003630   Section      128  ddiv.o(.constdata)
    ddiv_reciptbl                            0x00003630   Data         128  ddiv.o(.constdata)
    .constdata                               0x000036b0   Section      152  atan.o(.constdata)
    atanhi                                   0x000036b0   Data          32  atan.o(.constdata)
    atanlo                                   0x000036d0   Data          32  atan.o(.constdata)
    aTodd                                    0x000036f0   Data          40  atan.o(.constdata)
    aTeven                                   0x00003718   Data          48  atan.o(.constdata)
    .conststring                             0x00003748   Section       81  fsl_clock.o(.conststring)
    .conststring                             0x0000379c   Section       81  fsl_lpsci.o(.conststring)
    .conststring                             0x000037f0   Section       80  fsl_uart.o(.conststring)
    .conststring                             0x00003840   Section       91  fsl_debug_console.o(.conststring)
    .conststring                             0x0000389c   Section       83  fsl_io.o(.conststring)
    .data                                    0x1fffe000   Section      116  main.o(.data)
    .data                                    0x1fffe074   Section        1  lcd.o(.data)
    .data                                    0x1fffe078   Section       16  fsl_clock.o(.data)
    s_slowIrcFreq                            0x1fffe078   Data           4  fsl_clock.o(.data)
    s_fastIrcFreq                            0x1fffe07c   Data           4  fsl_clock.o(.data)
    .data                                    0x1fffe088   Section       16  fsl_i2c.o(.data)
    s_i2cHandle                              0x1fffe088   Data           8  fsl_i2c.o(.data)
    s_i2cMasterIsr                           0x1fffe090   Data           4  fsl_i2c.o(.data)
    s_i2cSlaveIsr                            0x1fffe094   Data           4  fsl_i2c.o(.data)
    .data                                    0x1fffe098   Section        8  fsl_lpsci.o(.data)
    s_lpsciHandle                            0x1fffe098   Data           4  fsl_lpsci.o(.data)
    s_lpsciIsr                               0x1fffe09c   Data           4  fsl_lpsci.o(.data)
    .data                                    0x1fffe0a0   Section        4  fsl_uart.o(.data)
    s_uartIsr                                0x1fffe0a0   Data           4  fsl_uart.o(.data)
    .data                                    0x1fffe0a4   Section        8  fsl_io.o(.data)
    s_debugConsoleIO                         0x1fffe0a4   Data           8  fsl_io.o(.data)
    .data                                    0x1fffe0ac   Section        4  system_mkl46z4.o(.data)
    .bss                                     0x1fffe0b0   Section       12  fsl_uart.o(.bss)
    s_uartHandle                             0x1fffe0b0   Data          12  fsl_uart.o(.bss)

    Global Symbols

    Symbol Name                              Value     Ov Type        Size  Object(Section)

    BuildAttributes$$THM_ISAv3M$S$PE$A:L22$X:L11$S22$IEEE1$IW$USESV6$~STKCKD$USESV7$~SHL$OTIME$ROPI$IEEEX$EBA8$UX$STANDARDLIB$REQ8$PRES8$EABIv2 0x00000000   Number         0  anon$$obj.o ABSOLUTE
    __ARM_use_no_argv                        0x00000000   Number         0  main.o ABSOLUTE
    __Vectors                                0x00000000   Data           4  startup_mkl46z4.o(RESET)
    _printf_flags                            0x00000000   Number         0  printf_stubs.o ABSOLUTE
    _printf_return_value                     0x00000000   Number         0  printf_stubs.o ABSOLUTE
    _printf_sizespec                         0x00000000   Number         0  printf_stubs.o ABSOLUTE
    _printf_widthprec                        0x00000000   Number         0  printf_stubs.o ABSOLUTE
    Image$$ZI$$Limit                          - Undefined Weak Reference
    __ARM_exceptions_init                     - Undefined Weak Reference
    __alloca_initialize                       - Undefined Weak Reference
    __arm_fini_                               - Undefined Weak Reference
    __arm_preinit_                            - Undefined Weak Reference
    __cpp_initialize__aeabi_                  - Undefined Weak Reference
    __cxa_finalize                            - Undefined Weak Reference
    __rt_locale                               - Undefined Weak Reference
    __sigvec_lookup                           - Undefined Weak Reference
    __user_heap_extent                        - Undefined Weak Reference
    _atexit_init                              - Undefined Weak Reference
    _call_atexit_fns                          - Undefined Weak Reference
    _clock_init                               - Undefined Weak Reference
    _fp_trap_init                             - Undefined Weak Reference
    _fp_trap_shutdown                         - Undefined Weak Reference
    _get_lc_collate                           - Undefined Weak Reference
    _get_lc_ctype                             - Undefined Weak Reference
    _get_lc_monetary                          - Undefined Weak Reference
    _get_lc_numeric                           - Undefined Weak Reference
    _get_lc_time                              - Undefined Weak Reference
    _getenv_init                              - Undefined Weak Reference
    _handle_redirection                       - Undefined Weak Reference
    _initio                                   - Undefined Weak Reference
    _mutex_acquire                            - Undefined Weak Reference
    _mutex_free                               - Undefined Weak Reference
    _mutex_release                            - Undefined Weak Reference
    _printf_truncate_signed                   - Undefined Weak Reference
    _printf_truncate_unsigned                 - Undefined Weak Reference
    _rand_init                                - Undefined Weak Reference
    _signal_finish                            - Undefined Weak Reference
    _signal_init                              - Undefined Weak Reference
    _terminateio                              - Undefined Weak Reference
    __Vectors_End                            0x000000c0   Data           0  startup_mkl46z4.o(RESET)
    __Vectors_Size                           0x000000c0   Number         0  startup_mkl46z4.o ABSOLUTE
    __main                                   0x00000411   Thumb Code     8  __main.o(!!!main)
    __scatterload                            0x00000419   Thumb Code     0  __scatter.o(!!!scatter)
    __scatterload_rt2                        0x00000419   Thumb Code    52  __scatter.o(!!!scatter)
    __scatterload_rt2_thumb_only             0x00000419   Thumb Code     0  __scatter.o(!!!scatter)
    __scatterload_null                       0x00000429   Thumb Code     0  __scatter.o(!!!scatter)
    __scatterload_copy                       0x00000455   Thumb Code    26  __scatter_copy.o(!!handler_copy)
    __scatterload_zeroinit                   0x00000471   Thumb Code    28  __scatter_zi.o(!!handler_zi)
    _printf_percent                          0x0000048d   Thumb Code     0  _printf_percent.o(.ARM.Collect$$_printf_percent$$00000000)
    _printf_d                                0x0000048f   Thumb Code     0  _printf_d.o(.ARM.Collect$$_printf_percent$$00000009)
    _printf_percent_end                      0x00000499   Thumb Code     0  _printf_percent_end.o(.ARM.Collect$$_printf_percent$$00000017)
    __rt_lib_init                            0x0000049d   Thumb Code     0  libinit.o(.ARM.Collect$$libinit$$00000000)
    __rt_lib_init_alloca_1                   0x0000049f   Thumb Code     0  libinit2.o(.ARM.Collect$$libinit$$0000002E)
    __rt_lib_init_argv_1                     0x0000049f   Thumb Code     0  libinit2.o(.ARM.Collect$$libinit$$0000002C)
    __rt_lib_init_atexit_1                   0x0000049f   Thumb Code     0  libinit2.o(.ARM.Collect$$libinit$$0000001B)
    __rt_lib_init_clock_1                    0x0000049f   Thumb Code     0  libinit2.o(.ARM.Collect$$libinit$$00000021)
    __rt_lib_init_cpp_1                      0x0000049f   Thumb Code     0  libinit2.o(.ARM.Collect$$libinit$$00000032)
    __rt_lib_init_exceptions_1               0x0000049f   Thumb Code     0  libinit2.o(.ARM.Collect$$libinit$$00000030)
    __rt_lib_init_fp_1                       0x0000049f   Thumb Code     0  libinit2.o(.ARM.Collect$$libinit$$00000002)
    __rt_lib_init_fp_trap_1                  0x0000049f   Thumb Code     0  libinit2.o(.ARM.Collect$$libinit$$0000001F)
    __rt_lib_init_getenv_1                   0x0000049f   Thumb Code     0  libinit2.o(.ARM.Collect$$libinit$$00000023)
    __rt_lib_init_heap_1                     0x0000049f   Thumb Code     0  libinit2.o(.ARM.Collect$$libinit$$0000000A)
    __rt_lib_init_lc_collate_1               0x0000049f   Thumb Code     0  libinit2.o(.ARM.Collect$$libinit$$00000011)
    __rt_lib_init_lc_ctype_1                 0x0000049f   Thumb Code     0  libinit2.o(.ARM.Collect$$libinit$$00000013)
    __rt_lib_init_lc_monetary_1              0x0000049f   Thumb Code     0  libinit2.o(.ARM.Collect$$libinit$$00000015)
    __rt_lib_init_lc_numeric_1               0x0000049f   Thumb Code     0  libinit2.o(.ARM.Collect$$libinit$$00000017)
    __rt_lib_init_lc_time_1                  0x0000049f   Thumb Code     0  libinit2.o(.ARM.Collect$$libinit$$00000019)
    __rt_lib_init_preinit_1                  0x0000049f   Thumb Code     0  libinit2.o(.ARM.Collect$$libinit$$00000004)
    __rt_lib_init_rand_1                     0x0000049f   Thumb Code     0  libinit2.o(.ARM.Collect$$libinit$$0000000E)
    __rt_lib_init_return                     0x0000049f   Thumb Code     0  libinit2.o(.ARM.Collect$$libinit$$00000033)
    __rt_lib_init_signal_1                   0x0000049f   Thumb Code     0  libinit2.o(.ARM.Collect$$libinit$$0000001D)
    __rt_lib_init_stdio_1                    0x0000049f   Thumb Code     0  libinit2.o(.ARM.Collect$$libinit$$00000025)
    __rt_lib_init_user_alloc_1               0x0000049f   Thumb Code     0  libinit2.o(.ARM.Collect$$libinit$$0000000C)
    __rt_lib_shutdown                        0x000004a1   Thumb Code     0  libshutdown.o(.ARM.Collect$$libshutdown$$00000000)
    __rt_lib_shutdown_cpp_1                  0x000004a3   Thumb Code     0  libshutdown2.o(.ARM.Collect$$libshutdown$$00000004)
    __rt_lib_shutdown_fini_1                 0x000004a3   Thumb Code     0  libshutdown2.o(.ARM.Collect$$libshutdown$$00000002)
    __rt_lib_shutdown_fp_trap_1              0x000004a3   Thumb Code     0  libshutdown2.o(.ARM.Collect$$libshutdown$$00000009)
    __rt_lib_shutdown_heap_1                 0x000004a3   Thumb Code     0  libshutdown2.o(.ARM.Collect$$libshutdown$$00000011)
    __rt_lib_shutdown_return                 0x000004a3   Thumb Code     0  libshutdown2.o(.ARM.Collect$$libshutdown$$00000012)
    __rt_lib_shutdown_signal_1               0x000004a3   Thumb Code     0  libshutdown2.o(.ARM.Collect$$libshutdown$$0000000C)
    __rt_lib_shutdown_stdio_1                0x000004a3   Thumb Code     0  libshutdown2.o(.ARM.Collect$$libshutdown$$00000006)
    __rt_lib_shutdown_user_alloc_1           0x000004a3   Thumb Code     0  libshutdown2.o(.ARM.Collect$$libshutdown$$0000000E)
    __rt_entry                               0x000004a5   Thumb Code     0  __rtentry.o(.ARM.Collect$$rtentry$$00000000)
    __rt_entry_presh_1                       0x000004a5   Thumb Code     0  __rtentry2.o(.ARM.Collect$$rtentry$$00000002)
    __rt_entry_sh                            0x000004a5   Thumb Code     0  __rtentry7.o(.ARM.Collect$$rtentry$$00000007)
    __rt_entry_li                            0x000004a9   Thumb Code     0  __rtentry2.o(.ARM.Collect$$rtentry$$0000000A)
    __rt_entry_postsh_1                      0x000004a9   Thumb Code     0  __rtentry2.o(.ARM.Collect$$rtentry$$00000009)
    __rt_entry_main                          0x000004ad   Thumb Code     0  __rtentry2.o(.ARM.Collect$$rtentry$$0000000D)
    __rt_entry_postli_1                      0x000004ad   Thumb Code     0  __rtentry2.o(.ARM.Collect$$rtentry$$0000000C)
    __rt_exit                                0x000004b9   Thumb Code     0  rtexit.o(.ARM.Collect$$rtexit$$00000000)
    __rt_exit_ls                             0x000004bb   Thumb Code     0  rtexit2.o(.ARM.Collect$$rtexit$$00000003)
    __rt_exit_prels_1                        0x000004bb   Thumb Code     0  rtexit2.o(.ARM.Collect$$rtexit$$00000002)
    __rt_exit_exit                           0x000004bf   Thumb Code     0  rtexit2.o(.ARM.Collect$$rtexit$$00000004)
    Reset_Handler                            0x000004c5   Thumb Code    24  startup_mkl46z4.o(.text)
    NMI_Handler                              0x000004dd   Thumb Code     2  startup_mkl46z4.o(.text)
    HardFault_Handler                        0x000004df   Thumb Code     2  startup_mkl46z4.o(.text)
    SVC_Handler                              0x000004e1   Thumb Code     2  startup_mkl46z4.o(.text)
    PendSV_Handler                           0x000004e3   Thumb Code     2  startup_mkl46z4.o(.text)
    DMA0_IRQHandler                          0x000004e7   Thumb Code     4  startup_mkl46z4.o(.text)
    DMA1_IRQHandler                          0x000004eb   Thumb Code     4  startup_mkl46z4.o(.text)
    DMA2_IRQHandler                          0x000004ef   Thumb Code     4  startup_mkl46z4.o(.text)
    DMA3_IRQHandler                          0x000004f3   Thumb Code     4  startup_mkl46z4.o(.text)
    I2C0_IRQHandler                          0x000004f7   Thumb Code     4  startup_mkl46z4.o(.text)
    I2C1_IRQHandler                          0x000004fb   Thumb Code     4  startup_mkl46z4.o(.text)
    SPI0_IRQHandler                          0x000004ff   Thumb Code     4  startup_mkl46z4.o(.text)
    SPI1_IRQHandler                          0x00000503   Thumb Code     4  startup_mkl46z4.o(.text)
    UART0_IRQHandler                         0x00000507   Thumb Code     4  startup_mkl46z4.o(.text)
    UART1_IRQHandler                         0x0000050b   Thumb Code     4  startup_mkl46z4.o(.text)
    UART2_IRQHandler                         0x0000050f   Thumb Code     4  startup_mkl46z4.o(.text)
    I2S0_IRQHandler                          0x00000513   Thumb Code     4  startup_mkl46z4.o(.text)
    ADC0_IRQHandler                          0x00000517   Thumb Code     0  startup_mkl46z4.o(.text)
    CMP0_IRQHandler                          0x00000517   Thumb Code     0  startup_mkl46z4.o(.text)
    DAC0_IRQHandler                          0x00000517   Thumb Code     0  startup_mkl46z4.o(.text)
    DMA0_DriverIRQHandler                    0x00000517   Thumb Code     0  startup_mkl46z4.o(.text)
    DMA1_DriverIRQHandler                    0x00000517   Thumb Code     0  startup_mkl46z4.o(.text)
    DMA2_DriverIRQHandler                    0x00000517   Thumb Code     0  startup_mkl46z4.o(.text)
    DMA3_DriverIRQHandler                    0x00000517   Thumb Code     0  startup_mkl46z4.o(.text)
    DefaultISR                               0x00000517   Thumb Code     0  startup_mkl46z4.o(.text)
    FTFA_IRQHandler                          0x00000517   Thumb Code     0  startup_mkl46z4.o(.text)
    I2S0_DriverIRQHandler                    0x00000517   Thumb Code     0  startup_mkl46z4.o(.text)
    LCD_IRQHandler                           0x00000517   Thumb Code     0  startup_mkl46z4.o(.text)
    LLWU_IRQHandler                          0x00000517   Thumb Code     0  startup_mkl46z4.o(.text)
    LPTMR0_IRQHandler                        0x00000517   Thumb Code     0  startup_mkl46z4.o(.text)
    LVD_LVW_IRQHandler                       0x00000517   Thumb Code     0  startup_mkl46z4.o(.text)
    MCG_IRQHandler                           0x00000517   Thumb Code     0  startup_mkl46z4.o(.text)
    PIT_IRQHandler                           0x00000517   Thumb Code     0  startup_mkl46z4.o(.text)
    PORTA_IRQHandler                         0x00000517   Thumb Code     0  startup_mkl46z4.o(.text)
    RTC_IRQHandler                           0x00000517   Thumb Code     0  startup_mkl46z4.o(.text)
    RTC_Seconds_IRQHandler                   0x00000517   Thumb Code     0  startup_mkl46z4.o(.text)
    Reserved20_IRQHandler                    0x00000517   Thumb Code     0  startup_mkl46z4.o(.text)
    SPI0_DriverIRQHandler                    0x00000517   Thumb Code     0  startup_mkl46z4.o(.text)
    SPI1_DriverIRQHandler                    0x00000517   Thumb Code     0  startup_mkl46z4.o(.text)
    TPM1_IRQHandler                          0x00000517   Thumb Code     0  startup_mkl46z4.o(.text)
    TPM2_IRQHandler                          0x00000517   Thumb Code     0  startup_mkl46z4.o(.text)
    TSI0_IRQHandler                          0x00000517   Thumb Code     0  startup_mkl46z4.o(.text)
    USB0_IRQHandler                          0x00000517   Thumb Code     0  startup_mkl46z4.o(.text)
    __2snprintf                              0x00000561   Thumb Code    50  noretval__2snprintf.o(.text)
    _printf_pre_padding                      0x00000599   Thumb Code    44  _printf_pad.o(.text)
    _printf_post_padding                     0x000005c5   Thumb Code    34  _printf_pad.o(.text)
    _printf_int_dec                          0x000005e9   Thumb Code    90  _printf_dec.o(.text)
    __printf                                 0x00000655   Thumb Code   270  __printf_wp.o(.text)
    __aeabi_assert                           0x00000765   Thumb Code    82  assert.o(.text)
    __assert                                 0x00000765   Thumb Code     0  assert.o(.text)
    __aeabi_uidiv                            0x000007e1   Thumb Code     0  aeabi_sdiv.o(.text)
    __aeabi_uidivmod                         0x000007e1   Thumb Code    20  aeabi_sdiv.o(.text)
    __aeabi_idiv                             0x000007f5   Thumb Code     0  aeabi_sdiv.o(.text)
    __aeabi_idivmod                          0x000007f5   Thumb Code   326  aeabi_sdiv.o(.text)
    __aeabi_dadd                             0x00000c35   Thumb Code     0  daddsub.o(.text)
    _dadd                                    0x00000c35   Thumb Code    26  daddsub.o(.text)
    __aeabi_dsub                             0x00000c4f   Thumb Code     0  daddsub.o(.text)
    _dsub                                    0x00000c4f   Thumb Code    22  daddsub.o(.text)
    __aeabi_drsub                            0x00000c65   Thumb Code     0  daddsub.o(.text)
    _drsb                                    0x00000c65   Thumb Code    28  daddsub.o(.text)
    __aeabi_ddiv                             0x00000c95   Thumb Code     0  ddiv.o(.text)
    _ddiv                                    0x00000c95   Thumb Code  1072  ddiv.o(.text)
    _drdiv                                   0x000010c5   Thumb Code    20  ddiv.o(.text)
    __aeabi_d2iz                             0x000010dd   Thumb Code     0  dfixi.o(.text)
    _dfix                                    0x000010dd   Thumb Code    98  dfixi.o(.text)
    __aeabi_i2d_normalise                    0x00001149   Thumb Code    66  dflti.o(.text)
    __aeabi_i2d                              0x0000118b   Thumb Code    16  dflti.o(.text)
    _dflt                                    0x0000118b   Thumb Code     0  dflti.o(.text)
    __aeabi_ui2d                             0x0000119b   Thumb Code     6  dflti.o(.text)
    _dfltu                                   0x0000119b   Thumb Code     0  dflti.o(.text)
    __aeabi_dmul                             0x000011a1   Thumb Code     0  dmul.o(.text)
    _dmul                                    0x000011a1   Thumb Code   558  dmul.o(.text)
    _printf_int_common                       0x000013e9   Thumb Code   176  _printf_intcommon.o(.text)
    _printf_char_common                      0x000014a3   Thumb Code    32  _printf_char_common.o(.text)
    _sputc                                   0x000014c9   Thumb Code    10  _sputc.o(.text)
    _snputc                                  0x000014d3   Thumb Code    16  _snputc.o(.text)
    abort                                    0x000014e3   Thumb Code    20  abort.o(.text)
    __assert_puts                            0x000014f7   Thumb Code    20  assert_puts.o(.text)
    __rt_udiv10                              0x0000150b   Thumb Code    40  rtudiv10.o(.text)
    __ARM_scalbn                             0x00001535   Thumb Code    84  dscalbn.o(.text)
    _ttywrch                                 0x00001595   Thumb Code    12  sys_wrch.o(.text)
    _sys_exit                                0x000015a1   Thumb Code     8  sys_exit.o(.text)
    __rt_SIGABRT                             0x000015ad   Thumb Code    12  defsig_abrt_outer.o(.text)
    __I$use$semihosting                      0x000015b9   Thumb Code     0  use_no_semi.o(.text)
    __use_no_semihosting_swi                 0x000015b9   Thumb Code     2  use_no_semi.o(.text)
    __semihosting_library_function           0x000015bb   Thumb Code     0  indicate_semi.o(.text)
    exit                                     0x000015bb   Thumb Code    16  exit.o(.text)
    __sig_exit                               0x000015cb   Thumb Code    12  defsig_exit.o(.text)
    __rt_SIGABRT_inner                       0x000015d9   Thumb Code    14  defsig_abrt_inner.o(.text)
    __default_signal_display                 0x00001609   Thumb Code    52  defsig_general.o(.text)
    BOARD_BootClockRUN                       0x0000163d   Thumb Code    74  clock_config.o(i.BOARD_BootClockRUN)
    BOARD_InitDebugConsole                   0x000016a9   Thumb Code    52  board.o(i.BOARD_InitDebugConsole)
    BOARD_InitPins                           0x000016e5   Thumb Code    56  pin_mux.o(i.BOARD_InitPins)
    CLOCK_BootToPeeMode                      0x0000172d   Thumb Code    70  fsl_clock.o(i.CLOCK_BootToPeeMode)
    CLOCK_EnablePll0                         0x000017a5   Thumb Code    86  fsl_clock.o(i.CLOCK_EnablePll0)
    CLOCK_GetFllFreq                         0x00001881   Thumb Code    78  fsl_clock.o(i.CLOCK_GetFllFreq)
    CLOCK_GetPll0Freq                        0x00001951   Thumb Code    72  fsl_clock.o(i.CLOCK_GetPll0Freq)
    CLOCK_GetPllFllSelClkFreq                0x000019b9   Thumb Code    52  fsl_clock.o(i.CLOCK_GetPllFllSelClkFreq)
    CLOCK_InitOsc0                           0x000019f1   Thumb Code   110  fsl_clock.o(i.CLOCK_InitOsc0)
    CLOCK_SetExternalRefClkConfig            0x00001a69   Thumb Code     6  fsl_clock.o(i.CLOCK_SetExternalRefClkConfig)
    CLOCK_SetInternalRefClkConfig            0x00001a71   Thumb Code   166  fsl_clock.o(i.CLOCK_SetInternalRefClkConfig)
    CLOCK_SetPbeMode                         0x00001b1d   Thumb Code   126  fsl_clock.o(i.CLOCK_SetPbeMode)
    CLOCK_SetSimConfig                       0x00001bad   Thumb Code    70  fsl_clock.o(i.CLOCK_SetSimConfig)
    DbgConsole_Init                          0x00001bfd   Thumb Code    40  fsl_debug_console.o(i.DbgConsole_Init)
    I2C0_DriverIRQHandler                    0x00001c55   Thumb Code    14  fsl_i2c.o(i.I2C0_DriverIRQHandler)
    I2C1_DriverIRQHandler                    0x00001c6d   Thumb Code    14  fsl_i2c.o(i.I2C1_DriverIRQHandler)
    IO_Init                                  0x00001cc5   Thumb Code   226  fsl_io.o(i.IO_Init)
    LCD_Display                              0x00001dbd   Thumb Code   212  lcd.o(i.LCD_Display)
    LCD_Init                                 0x00001ea1   Thumb Code    24  lcd.o(i.LCD_Init)
    LOG_Init                                 0x00001eb9   Thumb Code    30  fsl_log.o(i.LOG_Init)
    LPSCI_GetDefaultConfig                   0x00001ed9   Thumb Code    42  fsl_lpsci.o(i.LPSCI_GetDefaultConfig)
    LPSCI_GetInstance                        0x00001f11   Thumb Code    48  fsl_lpsci.o(i.LPSCI_GetInstance)
    LPSCI_Init                               0x00001f6d   Thumb Code   384  fsl_lpsci.o(i.LPSCI_Init)
    Magnetometer_Acq                         0x0000211d   Thumb Code   160  mag.o(i.Magnetometer_Acq)
    Magnetometer_Avg                         0x000021cd   Thumb Code    42  mag.o(i.Magnetometer_Avg)
    Magnetometer_Run                         0x00002205   Thumb Code   308  mag.o(i.Magnetometer_Run)
    PORTC_PORTD_IRQHandler                   0x0000235d   Thumb Code   140  main.o(i.PORTC_PORTD_IRQHandler)
    SLCD_ConfigureClock                      0x00002415   Thumb Code     8  lcd.o(i.SLCD_ConfigureClock)
    SLCD_ConfigureGCR                        0x00002421   Thumb Code     8  lcd.o(i.SLCD_ConfigureGCR)
    SLCD_EnableModule                        0x00002431   Thumb Code    14  lcd.o(i.SLCD_EnableModule)
    SLCD_EnablePins                          0x00002445   Thumb Code   132  lcd.o(i.SLCD_EnablePins)
    SLCD_SetupPins                           0x000024d5   Thumb Code    26  lcd.o(i.SLCD_SetupPins)
    SetGPIOPriority                          0x000024fd   Thumb Code    14  main.o(i.SetGPIOPriority)
    SetSysTickPriority                       0x0000250b   Thumb Code    16  main.o(i.SetSysTickPriority)
    SetSystemClock                           0x0000251d   Thumb Code    70  main.o(i.SetSystemClock)
    SysTick_Handler                          0x0000256d   Thumb Code    94  main.o(i.SysTick_Handler)
    SystemInit                               0x000025dd   Thumb Code    14  system_mkl46z4.o(i.SystemInit)
    SystemInitHook                           0x000025f1   Thumb Code     2  system_mkl46z4.o(i.SystemInitHook)
    TIMER_Init                               0x000025f5   Thumb Code   182  main.o(i.TIMER_Init)
    TPM0_IRQHandler                          0x000026d1   Thumb Code    20  main.o(i.TPM0_IRQHandler)
    UART0_DriverIRQHandler                   0x000026ed   Thumb Code    16  fsl_lpsci.o(i.UART0_DriverIRQHandler)
    UART1_DriverIRQHandler                   0x00002709   Thumb Code    16  fsl_uart.o(i.UART1_DriverIRQHandler)
    UART2_DriverIRQHandler                   0x00002725   Thumb Code    16  fsl_uart.o(i.UART2_DriverIRQHandler)
    UART_GetDefaultConfig                    0x00002741   Thumb Code    42  fsl_uart.o(i.UART_GetDefaultConfig)
    UART_GetInstance                         0x00002779   Thumb Code    50  fsl_uart.o(i.UART_GetInstance)
    UART_Init                                0x000027d1   Thumb Code   284  fsl_uart.o(i.UART_Init)
    __ARM_common_switch8                     0x0000291d   Thumb Code    28  fsl_clock.o(i.__ARM_common_switch8)
    __ARM_fpclassify                         0x00002939   Thumb Code    40  fpclassify.o(i.__ARM_fpclassify)
    __kernel_poly                            0x000029fd   Thumb Code   172  poly.o(i.__kernel_poly)
    __mathlib_dbl_infnan                     0x00002aa9   Thumb Code    10  dunder.o(i.__mathlib_dbl_infnan)
    __mathlib_dbl_underflow                  0x00002ab5   Thumb Code    14  dunder.o(i.__mathlib_dbl_underflow)
    _is_digit                                0x00002ac9   Thumb Code    14  __printf_wp.o(i._is_digit)
    atan                                     0x00002ad9   Thumb Code   472  atan.o(i.atan)
    delay                                    0x00002cf5   Thumb Code    16  i2c.o(i.delay)
    initI2C0                                 0x00002d05   Thumb Code   104  i2c.o(i.initI2C0)
    initLed                                  0x00002d79   Thumb Code    70  main.o(i.initLed)
    initMagnetometer                         0x00002dd1   Thumb Code    40  mag.o(i.initMagnetometer)
    initSwitch                               0x00002df9   Thumb Code   114  main.o(i.initSwitch)
    init_systick_interupt                    0x00002e7d   Thumb Code    16  main.o(i.init_systick_interupt)
    main                                     0x00002e95   Thumb Code   500  main.o(i.main)
    readI2C_multi                            0x000030e9   Thumb Code   376  i2c.o(i.readI2C_multi)
    readI2C_single                           0x00003269   Thumb Code   292  i2c.o(i.readI2C_single)
    reset_system_state                       0x00003391   Thumb Code    38  main.o(i.reset_system_state)
    sendI2C_multi                            0x000033c1   Thumb Code   192  i2c.o(i.sendI2C_multi)
    MASK_BIT                                 0x00003484   Data         128  lcd.o(.constdata)
    __I$use$fp                               0x00003484   Number         0  usenofp.o(x$fpl$usenofp)
    WF_ORDERING_TABLE                        0x00003504   Data          12  lcd.o(.constdata)
    ASCII_TO_WF_CODIFICATION_TABLE           0x00003510   Data          96  lcd.o(.constdata)
    mcgConfig_BOARD_BootClockRUN             0x00003570   Data          10  clock_config.o(.constdata)
    simConfig_BOARD_BootClockRUN             0x0000357c   Data           8  clock_config.o(.constdata)
    oscConfig_BOARD_BootClockRUN             0x00003584   Data           8  clock_config.o(.constdata)
    mcgConfig_BOARD_BootClockVLPR            0x0000358c   Data          10  clock_config.o(.constdata)
    simConfig_BOARD_BootClockVLPR            0x00003598   Data           8  clock_config.o(.constdata)
    oscConfig_BOARD_BootClockVLPR            0x000035a0   Data           8  clock_config.o(.constdata)
    Region$$Table$$Base                      0x000038f0   Number         0  anon$$obj.o(Region$$Table)
    Region$$Table$$Limit                     0x00003910   Number         0  anon$$obj.o(Region$$Table)
    DATA_READ                                0x1fffe000   Data           6  main.o(.data)
    MAG_DATA_READ_AXIS                       0x1fffe006   Data           6  main.o(.data)
    MAG_DATA_MAX_AXIS                        0x1fffe00c   Data           6  main.o(.data)
    MAG_DATA_MIN_AXIS                        0x1fffe012   Data           6  main.o(.data)
    MAG_DATA_AVERAGE_AXIS                    0x1fffe018   Data           6  main.o(.data)
    MAG_DATA_HI_CALIBRATED                   0x1fffe01e   Data           6  main.o(.data)
    DR_STATUS_DATA                           0x1fffe024   Data           1  main.o(.data)
    ANGLE                                    0x1fffe026   Data           2  main.o(.data)
    system_active                            0x1fffe028   Data           4  main.o(.data)
    msTicks                                  0x1fffe02c   Data           4  main.o(.data)
    enumECompassState                        0x1fffe030   Data           1  main.o(.data)
    bSW3Pressed                              0x1fffe031   Data           1  main.o(.data)
    bSW1Pressed                              0x1fffe032   Data           1  main.o(.data)
    bIsTimerExpired                          0x1fffe033   Data           1  main.o(.data)
    ucSecond                                 0x1fffe034   Data           1  main.o(.data)
    ucHundredsMilliSecond                    0x1fffe035   Data           1  main.o(.data)
    ucMinute                                 0x1fffe036   Data           1  main.o(.data)
    usTimeElapsed                            0x1fffe038   Data           2  main.o(.data)
    ucaryLCDMsg                              0x1fffe03a   Data           5  main.o(.data)
    prescalar                                0x1fffe040   Data           4  main.o(.data)
    prescalar_factor                         0x1fffe044   Data           4  main.o(.data)
    resolution                               0x1fffe048   Data           4  main.o(.data)
    original_clock_frequency                 0x1fffe04c   Data           4  main.o(.data)
    new_clock_frequency                      0x1fffe050   Data           4  main.o(.data)
    timer_overflow_count                     0x1fffe054   Data           4  main.o(.data)
    reset_count                              0x1fffe058   Data           4  main.o(.data)
    DR_STATUS_DATA_ACC                       0x1fffe05c   Data           1  main.o(.data)
    flag_first_data                          0x1fffe060   Data           4  main.o(.data)
    flag_initialisation                      0x1fffe064   Data           4  main.o(.data)
    flag_first_data_acquire                  0x1fffe068   Data           4  main.o(.data)
    flag_first_data_run                      0x1fffe06c   Data           4  main.o(.data)
    flag_first_data1                         0x1fffe070   Data           4  main.o(.data)
    bLCD_CharPosition                        0x1fffe074   Data           1  lcd.o(.data)
    g_xtal0Freq                              0x1fffe080   Data           4  fsl_clock.o(.data)
    g_xtal32Freq                             0x1fffe084   Data           4  fsl_clock.o(.data)
    SystemCoreClock                          0x1fffe0ac   Data           4  system_mkl46z4.o(.data)
    Image$$ARM_LIB_HEAP$$ZI$$Base            0x1fffe0bc   Number         0  anon$$obj.o ABSOLUTE
    Image$$ARM_LIB_HEAP$$ZI$$Limit           0x1fffe4bc   Number         0  anon$$obj.o ABSOLUTE
    Image$$ARM_LIB_STACK$$ZI$$Limit          0x20006000   Number         0  anon$$obj.o ABSOLUTE



==============================================================================

Memory Map of the image

  Image Entry point : 0x000004c5

  Load Region LR_m_text (Base: 0x00000000, Size: 0x000039c0, Max: 0x00040000, ABSOLUTE)

    Execution Region VECTOR_ROM (Exec base: 0x00000000, Load base: 0x00000000, Size: 0x000000c0, Max: 0x00000200, ABSOLUTE)

    Exec Addr    Load Addr    Size         Type   Attr      Idx    E Section Name        Object

    0x00000000   0x00000000   0x000000c0   Data   RO         2300    RESET               startup_mkl46z4.o


    Execution Region ER_m_flash_config (Exec base: 0x00000400, Load base: 0x00000400, Size: 0x00000010, Max: 0x00000010, ABSOLUTE, FIXED)

    Exec Addr    Load Addr    Size         Type   Attr      Idx    E Section Name        Object

    0x00000400   0x00000400   0x00000010   Data   RO         2301    FlashConfig         startup_mkl46z4.o


    Execution Region ER_m_text (Exec base: 0x00000410, Load base: 0x00000410, Size: 0x00003500, Max: 0x0003fbf0, ABSOLUTE)

    Exec Addr    Load Addr    Size         Type   Attr      Idx    E Section Name        Object

    0x00000410   0x00000410   0x00000008   Code   RO         2466  * !!!main             c_p.l(__main.o)
    0x00000418   0x00000418   0x0000003c   Code   RO         2757    !!!scatter          c_p.l(__scatter.o)
    0x00000454   0x00000454   0x0000001a   Code   RO         2759    !!handler_copy      c_p.l(__scatter_copy.o)
    0x0000046e   0x0000046e   0x00000002   PAD
    0x00000470   0x00000470   0x0000001c   Code   RO         2761    !!handler_zi        c_p.l(__scatter_zi.o)
    0x0000048c   0x0000048c   0x00000002   Code   RO         2451    .ARM.Collect$$_printf_percent$$00000000  c_p.l(_printf_percent.o)
    0x0000048e   0x0000048e   0x0000000a   Code   RO         2450    .ARM.Collect$$_printf_percent$$00000009  c_p.l(_printf_d.o)
    0x00000498   0x00000498   0x00000004   Code   RO         2529    .ARM.Collect$$_printf_percent$$00000017  c_p.l(_printf_percent_end.o)
    0x0000049c   0x0000049c   0x00000002   Code   RO         2693    .ARM.Collect$$libinit$$00000000  c_p.l(libinit.o)
    0x0000049e   0x0000049e   0x00000000   Code   RO         2539    .ARM.Collect$$libinit$$00000002  c_p.l(libinit2.o)
    0x0000049e   0x0000049e   0x00000000   Code   RO         2541    .ARM.Collect$$libinit$$00000004  c_p.l(libinit2.o)
    0x0000049e   0x0000049e   0x00000000   Code   RO         2544    .ARM.Collect$$libinit$$0000000A  c_p.l(libinit2.o)
    0x0000049e   0x0000049e   0x00000000   Code   RO         2546    .ARM.Collect$$libinit$$0000000C  c_p.l(libinit2.o)
    0x0000049e   0x0000049e   0x00000000   Code   RO         2548    .ARM.Collect$$libinit$$0000000E  c_p.l(libinit2.o)
    0x0000049e   0x0000049e   0x00000000   Code   RO         2551    .ARM.Collect$$libinit$$00000011  c_p.l(libinit2.o)
    0x0000049e   0x0000049e   0x00000000   Code   RO         2553    .ARM.Collect$$libinit$$00000013  c_p.l(libinit2.o)
    0x0000049e   0x0000049e   0x00000000   Code   RO         2555    .ARM.Collect$$libinit$$00000015  c_p.l(libinit2.o)
    0x0000049e   0x0000049e   0x00000000   Code   RO         2557    .ARM.Collect$$libinit$$00000017  c_p.l(libinit2.o)
    0x0000049e   0x0000049e   0x00000000   Code   RO         2559    .ARM.Collect$$libinit$$00000019  c_p.l(libinit2.o)
    0x0000049e   0x0000049e   0x00000000   Code   RO         2561    .ARM.Collect$$libinit$$0000001B  c_p.l(libinit2.o)
    0x0000049e   0x0000049e   0x00000000   Code   RO         2563    .ARM.Collect$$libinit$$0000001D  c_p.l(libinit2.o)
    0x0000049e   0x0000049e   0x00000000   Code   RO         2565    .ARM.Collect$$libinit$$0000001F  c_p.l(libinit2.o)
    0x0000049e   0x0000049e   0x00000000   Code   RO         2567    .ARM.Collect$$libinit$$00000021  c_p.l(libinit2.o)
    0x0000049e   0x0000049e   0x00000000   Code   RO         2569    .ARM.Collect$$libinit$$00000023  c_p.l(libinit2.o)
    0x0000049e   0x0000049e   0x00000000   Code   RO         2571    .ARM.Collect$$libinit$$00000025  c_p.l(libinit2.o)
    0x0000049e   0x0000049e   0x00000000   Code   RO         2575    .ARM.Collect$$libinit$$0000002C  c_p.l(libinit2.o)
    0x0000049e   0x0000049e   0x00000000   Code   RO         2577    .ARM.Collect$$libinit$$0000002E  c_p.l(libinit2.o)
    0x0000049e   0x0000049e   0x00000000   Code   RO         2579    .ARM.Collect$$libinit$$00000030  c_p.l(libinit2.o)
    0x0000049e   0x0000049e   0x00000000   Code   RO         2581    .ARM.Collect$$libinit$$00000032  c_p.l(libinit2.o)
    0x0000049e   0x0000049e   0x00000002   Code   RO         2582    .ARM.Collect$$libinit$$00000033  c_p.l(libinit2.o)
    0x000004a0   0x000004a0   0x00000002   Code   RO         2754    .ARM.Collect$$libshutdown$$00000000  c_p.l(libshutdown.o)
    0x000004a2   0x000004a2   0x00000000   Code   RO         2714    .ARM.Collect$$libshutdown$$00000002  c_p.l(libshutdown2.o)
    0x000004a2   0x000004a2   0x00000000   Code   RO         2716    .ARM.Collect$$libshutdown$$00000004  c_p.l(libshutdown2.o)
    0x000004a2   0x000004a2   0x00000000   Code   RO         2718    .ARM.Collect$$libshutdown$$00000006  c_p.l(libshutdown2.o)
    0x000004a2   0x000004a2   0x00000000   Code   RO         2721    .ARM.Collect$$libshutdown$$00000009  c_p.l(libshutdown2.o)
    0x000004a2   0x000004a2   0x00000000   Code   RO         2724    .ARM.Collect$$libshutdown$$0000000C  c_p.l(libshutdown2.o)
    0x000004a2   0x000004a2   0x00000000   Code   RO         2726    .ARM.Collect$$libshutdown$$0000000E  c_p.l(libshutdown2.o)
    0x000004a2   0x000004a2   0x00000000   Code   RO         2729    .ARM.Collect$$libshutdown$$00000011  c_p.l(libshutdown2.o)
    0x000004a2   0x000004a2   0x00000002   Code   RO         2730    .ARM.Collect$$libshutdown$$00000012  c_p.l(libshutdown2.o)
    0x000004a4   0x000004a4   0x00000000   Code   RO         2491    .ARM.Collect$$rtentry$$00000000  c_p.l(__rtentry.o)
    0x000004a4   0x000004a4   0x00000000   Code   RO         2614    .ARM.Collect$$rtentry$$00000002  c_p.l(__rtentry2.o)
    0x000004a4   0x000004a4   0x00000004   Code   RO         2628    .ARM.Collect$$rtentry$$00000007  c_p.l(__rtentry7.o)
    0x000004a8   0x000004a8   0x00000000   Code   RO         2616    .ARM.Collect$$rtentry$$00000009  c_p.l(__rtentry2.o)
    0x000004a8   0x000004a8   0x00000004   Code   RO         2617    .ARM.Collect$$rtentry$$0000000A  c_p.l(__rtentry2.o)
    0x000004ac   0x000004ac   0x00000000   Code   RO         2619    .ARM.Collect$$rtentry$$0000000C  c_p.l(__rtentry2.o)
    0x000004ac   0x000004ac   0x00000008   Code   RO         2620    .ARM.Collect$$rtentry$$0000000D  c_p.l(__rtentry2.o)
    0x000004b4   0x000004b4   0x00000004   Code   RO         2629    .ARM.Collect$$rtentry$$00002718  c_p.l(__rtentry7.o)
    0x000004b8   0x000004b8   0x00000002   Code   RO         2697    .ARM.Collect$$rtexit$$00000000  c_p.l(rtexit.o)
    0x000004ba   0x000004ba   0x00000000   Code   RO         2732    .ARM.Collect$$rtexit$$00000002  c_p.l(rtexit2.o)
    0x000004ba   0x000004ba   0x00000004   Code   RO         2733    .ARM.Collect$$rtexit$$00000003  c_p.l(rtexit2.o)
    0x000004be   0x000004be   0x00000006   Code   RO         2734    .ARM.Collect$$rtexit$$00000004  c_p.l(rtexit2.o)
    0x000004c4   0x000004c4   0x0000009c   Code   RO         2302  * .text               startup_mkl46z4.o
    0x00000560   0x00000560   0x00000038   Code   RO         2422    .text               c_p.l(noretval__2snprintf.o)
    0x00000598   0x00000598   0x0000004e   Code   RO         2426    .text               c_p.l(_printf_pad.o)
    0x000005e6   0x000005e6   0x00000002   PAD
    0x000005e8   0x000005e8   0x0000006c   Code   RO         2428    .text               c_p.l(_printf_dec.o)
    0x00000654   0x00000654   0x0000010e   Code   RO         2438    .text               c_p.l(__printf_wp.o)
    0x00000762   0x00000762   0x00000002   PAD
    0x00000764   0x00000764   0x0000007c   Code   RO         2452    .text               c_p.l(assert.o)
    0x000007e0   0x000007e0   0x0000015a   Code   RO         2462    .text               c_p.l(aeabi_sdiv.o)
    0x0000093a   0x0000093a   0x00000002   PAD
    0x0000093c   0x0000093c   0x00000358   Code   RO         2468    .text               fz_ps.l(daddsub.o)
    0x00000c94   0x00000c94   0x00000448   Code   RO         2470    .text               fz_ps.l(ddiv.o)
    0x000010dc   0x000010dc   0x0000006c   Code   RO         2473    .text               fz_ps.l(dfixi.o)
    0x00001148   0x00001148   0x00000058   Code   RO         2475    .text               fz_ps.l(dflti.o)
    0x000011a0   0x000011a0   0x00000248   Code   RO         2477    .text               fz_ps.l(dmul.o)
    0x000013e8   0x000013e8   0x000000b0   Code   RO         2521    .text               c_p.l(_printf_intcommon.o)
    0x00001498   0x00001498   0x00000030   Code   RO         2523    .text               c_p.l(_printf_char_common.o)
    0x000014c8   0x000014c8   0x0000000a   Code   RO         2525    .text               c_p.l(_sputc.o)
    0x000014d2   0x000014d2   0x00000010   Code   RO         2527    .text               c_p.l(_snputc.o)
    0x000014e2   0x000014e2   0x00000014   Code   RO         2530    .text               c_p.l(abort.o)
    0x000014f6   0x000014f6   0x00000014   Code   RO         2532    .text               c_p.l(assert_puts.o)
    0x0000150a   0x0000150a   0x00000028   Code   RO         2534    .text               c_p.l(rtudiv10.o)
    0x00001532   0x00001532   0x00000002   PAD
    0x00001534   0x00001534   0x00000060   Code   RO         2583    .text               fz_ps.l(dscalbn.o)
    0x00001594   0x00001594   0x0000000c   Code   RO         2604    .text               c_p.l(sys_wrch.o)
    0x000015a0   0x000015a0   0x0000000c   Code   RO         2608    .text               c_p.l(sys_exit.o)
    0x000015ac   0x000015ac   0x0000000c   Code   RO         2645    .text               c_p.l(defsig_abrt_outer.o)
    0x000015b8   0x000015b8   0x00000002   Code   RO         2662    .text               c_p.l(use_no_semi.o)
    0x000015ba   0x000015ba   0x00000000   Code   RO         2664    .text               c_p.l(indicate_semi.o)
    0x000015ba   0x000015ba   0x00000010   Code   RO         2672    .text               c_p.l(exit.o)
    0x000015ca   0x000015ca   0x0000000c   Code   RO         2674    .text               c_p.l(defsig_exit.o)
    0x000015d6   0x000015d6   0x00000002   PAD
    0x000015d8   0x000015d8   0x00000030   Code   RO         2676    .text               c_p.l(defsig_abrt_inner.o)
    0x00001608   0x00001608   0x00000034   Code   RO         2705    .text               c_p.l(defsig_general.o)
    0x0000163c   0x0000163c   0x0000006c   Code   RO          389    i.BOARD_BootClockRUN  clock_config.o
    0x000016a8   0x000016a8   0x0000003c   Code   RO          349    i.BOARD_InitDebugConsole  board.o
    0x000016e4   0x000016e4   0x00000048   Code   RO          455    i.BOARD_InitPins    pin_mux.o
    0x0000172c   0x0000172c   0x0000005c   Code   RO          499    i.CLOCK_BootToPeeMode  fsl_clock.o
    0x00001788   0x00001788   0x0000001c   Code   RO          392    i.CLOCK_CONFIG_SetFllExtRefDiv  clock_config.o
    0x000017a4   0x000017a4   0x00000068   Code   RO          503    i.CLOCK_EnablePll0  fsl_clock.o
    0x0000180c   0x0000180c   0x00000074   Code   RO          512    i.CLOCK_GetFllExtRefClkFreq  fsl_clock.o
    0x00001880   0x00001880   0x00000058   Code   RO          513    i.CLOCK_GetFllFreq  fsl_clock.o
    0x000018d8   0x000018d8   0x00000024   Code   RO          514    i.CLOCK_GetFllRefClkFreq  fsl_clock.o
    0x000018fc   0x000018fc   0x00000030   Code   RO          518    i.CLOCK_GetMcgExtClkFreq  fsl_clock.o
    0x0000192c   0x0000192c   0x00000024   Code   RO          521    i.CLOCK_GetOscRangeFromFreq  fsl_clock.o
    0x00001950   0x00001950   0x00000060   Code   RO          524    i.CLOCK_GetPll0Freq  fsl_clock.o
    0x000019b0   0x000019b0   0x00000008   Code   RO          525    i.CLOCK_GetPll0RefFreq  fsl_clock.o
    0x000019b8   0x000019b8   0x00000038   Code   RO          526    i.CLOCK_GetPllFllSelClkFreq  fsl_clock.o
    0x000019f0   0x000019f0   0x00000078   Code   RO          528    i.CLOCK_InitOsc0    fsl_clock.o
    0x00001a68   0x00001a68   0x00000006   Code   RO          532    i.CLOCK_SetExternalRefClkConfig  fsl_clock.o
    0x00001a6e   0x00001a6e   0x00000002   PAD
    0x00001a70   0x00001a70   0x000000ac   Code   RO          537    i.CLOCK_SetInternalRefClkConfig  fsl_clock.o
    0x00001b1c   0x00001b1c   0x00000090   Code   RO          540    i.CLOCK_SetPbeMode  fsl_clock.o
    0x00001bac   0x00001bac   0x00000050   Code   RO          543    i.CLOCK_SetSimConfig  fsl_clock.o
    0x00001bfc   0x00001bfc   0x00000058   Code   RO         2046    i.DbgConsole_Init   fsl_debug_console.o
    0x00001c54   0x00001c54   0x00000018   Code   RO         1273    i.I2C0_DriverIRQHandler  fsl_i2c.o
    0x00001c6c   0x00001c6c   0x00000018   Code   RO         1274    i.I2C1_DriverIRQHandler  fsl_i2c.o
    0x00001c84   0x00001c84   0x00000040   Code   RO         1310    i.I2C_TransferCommonIRQHandler  fsl_i2c.o
    0x00001cc4   0x00001cc4   0x000000f8   Code   RO         2143    i.IO_Init           fsl_io.o
    0x00001dbc   0x00001dbc   0x000000e4   Code   RO          187    i.LCD_Display       lcd.o
    0x00001ea0   0x00001ea0   0x00000018   Code   RO          188    i.LCD_Init          lcd.o
    0x00001eb8   0x00001eb8   0x0000001e   Code   RO         2196    i.LOG_Init          fsl_log.o
    0x00001ed6   0x00001ed6   0x00000002   PAD
    0x00001ed8   0x00001ed8   0x00000038   Code   RO         1542    i.LPSCI_GetDefaultConfig  fsl_lpsci.o
    0x00001f10   0x00001f10   0x0000005c   Code   RO         1544    i.LPSCI_GetInstance  fsl_lpsci.o
    0x00001f6c   0x00001f6c   0x000001b0   Code   RO         1546    i.LPSCI_Init        fsl_lpsci.o
    0x0000211c   0x0000211c   0x000000b0   Code   RO          250    i.Magnetometer_Acq  mag.o
    0x000021cc   0x000021cc   0x00000038   Code   RO          251    i.Magnetometer_Avg  mag.o
    0x00002204   0x00002204   0x00000158   Code   RO          252    i.Magnetometer_Run  mag.o
    0x0000235c   0x0000235c   0x0000009c   Code   RO            5    i.PORTC_PORTD_IRQHandler  main.o
    0x000023f8   0x000023f8   0x0000001c   Code   RO          456    i.PORT_SetPinMux    pin_mux.o
    0x00002414   0x00002414   0x0000000c   Code   RO          189    i.SLCD_ConfigureClock  lcd.o
    0x00002420   0x00002420   0x00000010   Code   RO          190    i.SLCD_ConfigureGCR  lcd.o
    0x00002430   0x00002430   0x00000014   Code   RO          191    i.SLCD_EnableModule  lcd.o
    0x00002444   0x00002444   0x00000090   Code   RO          192    i.SLCD_EnablePins   lcd.o
    0x000024d4   0x000024d4   0x00000028   Code   RO          193    i.SLCD_SetupPins    lcd.o
    0x000024fc   0x000024fc   0x0000000e   Code   RO            6    i.SetGPIOPriority   main.o
    0x0000250a   0x0000250a   0x00000010   Code   RO            7    i.SetSysTickPriority  main.o
    0x0000251a   0x0000251a   0x00000002   PAD
    0x0000251c   0x0000251c   0x00000050   Code   RO            8    i.SetSystemClock    main.o
    0x0000256c   0x0000256c   0x00000070   Code   RO            9    i.SysTick_Handler   main.o
    0x000025dc   0x000025dc   0x00000014   Code   RO         2309    i.SystemInit        system_mkl46z4.o
    0x000025f0   0x000025f0   0x00000002   Code   RO         2310    i.SystemInitHook    system_mkl46z4.o
    0x000025f2   0x000025f2   0x00000002   PAD
    0x000025f4   0x000025f4   0x000000dc   Code   RO           10    i.TIMER_Init        main.o
    0x000026d0   0x000026d0   0x0000001c   Code   RO           11    i.TPM0_IRQHandler   main.o
    0x000026ec   0x000026ec   0x0000001c   Code   RO         1565    i.UART0_DriverIRQHandler  fsl_lpsci.o
    0x00002708   0x00002708   0x0000001c   Code   RO         1838    i.UART1_DriverIRQHandler  fsl_uart.o
    0x00002724   0x00002724   0x0000001c   Code   RO         1840    i.UART2_DriverIRQHandler  fsl_uart.o
    0x00002740   0x00002740   0x00000038   Code   RO         1846    i.UART_GetDefaultConfig  fsl_uart.o
    0x00002778   0x00002778   0x00000058   Code   RO         1848    i.UART_GetInstance  fsl_uart.o
    0x000027d0   0x000027d0   0x0000014c   Code   RO         1850    i.UART_Init         fsl_uart.o
    0x0000291c   0x0000291c   0x0000001c   Code   RO          802    i.__ARM_common_switch8  fsl_clock.o
    0x00002938   0x00002938   0x0000002c   Code   RO         2600    i.__ARM_fpclassify  m_ps.l(fpclassify.o)
    0x00002964   0x00002964   0x00000020   Code   RO           12    i.__NVIC_EnableIRQ  main.o
    0x00002984   0x00002984   0x00000078   Code   RO           13    i.__NVIC_SetPriority  main.o
    0x000029fc   0x000029fc   0x000000ac   Code   RO         2602    i.__kernel_poly     m_ps.l(poly.o)
    0x00002aa8   0x00002aa8   0x0000000a   Code   RO         2587    i.__mathlib_dbl_infnan  m_ps.l(dunder.o)
    0x00002ab2   0x00002ab2   0x00000002   PAD
    0x00002ab4   0x00002ab4   0x00000014   Code   RO         2592    i.__mathlib_dbl_underflow  m_ps.l(dunder.o)
    0x00002ac8   0x00002ac8   0x0000000e   Code   RO         2440    i._is_digit         c_p.l(__printf_wp.o)
    0x00002ad6   0x00002ad6   0x00000002   PAD
    0x00002ad8   0x00002ad8   0x0000021c   Code   RO         2480    i.atan              m_ps.l(atan.o)
    0x00002cf4   0x00002cf4   0x00000010   Code   RO          296    i.delay             i2c.o
    0x00002d04   0x00002d04   0x00000074   Code   RO          297    i.initI2C0          i2c.o
    0x00002d78   0x00002d78   0x00000058   Code   RO           14    i.initLed           main.o
    0x00002dd0   0x00002dd0   0x00000028   Code   RO          253    i.initMagnetometer  mag.o
    0x00002df8   0x00002df8   0x00000084   Code   RO           15    i.initSwitch        main.o
    0x00002e7c   0x00002e7c   0x00000018   Code   RO           16    i.init_systick_interupt  main.o
    0x00002e94   0x00002e94   0x00000254   Code   RO           17    i.main              main.o
    0x000030e8   0x000030e8   0x00000180   Code   RO          298    i.readI2C_multi     i2c.o
    0x00003268   0x00003268   0x00000128   Code   RO          299    i.readI2C_single    i2c.o
    0x00003390   0x00003390   0x00000030   Code   RO           18    i.reset_system_state  main.o
    0x000033c0   0x000033c0   0x000000c4   Code   RO          300    i.sendI2C_multi     i2c.o
    0x00003484   0x00003484   0x00000000   Code   RO         2585    x$fpl$usenofp       fz_ps.l(usenofp.o)
    0x00003484   0x00003484   0x000000ec   Data   RO          194    .constdata          lcd.o
    0x00003570   0x00003570   0x00000038   Data   RO          393    .constdata          clock_config.o
    0x000035a8   0x000035a8   0x00000060   Data   RO          545    .constdata          fsl_clock.o
    0x00003608   0x00003608   0x0000000c   Data   RO         1566    .constdata          fsl_lpsci.o
    0x00003614   0x00003614   0x0000001c   Data   RO         1870    .constdata          fsl_uart.o
    0x00003630   0x00003630   0x00000080   Data   RO         2471    .constdata          fz_ps.l(ddiv.o)
    0x000036b0   0x000036b0   0x00000098   Data   RO         2481    .constdata          m_ps.l(atan.o)
    0x00003748   0x00003748   0x00000051   Data   RO          546    .conststring        fsl_clock.o
    0x00003799   0x00003799   0x00000003   PAD
    0x0000379c   0x0000379c   0x00000051   Data   RO         1567    .conststring        fsl_lpsci.o
    0x000037ed   0x000037ed   0x00000003   PAD
    0x000037f0   0x000037f0   0x00000050   Data   RO         1871    .conststring        fsl_uart.o
    0x00003840   0x00003840   0x0000005b   Data   RO         2053    .conststring        fsl_debug_console.o
    0x0000389b   0x0000389b   0x00000001   PAD
    0x0000389c   0x0000389c   0x00000053   Data   RO         2146    .conststring        fsl_io.o
    0x000038ef   0x000038ef   0x00000001   PAD
    0x000038f0   0x000038f0   0x00000020   Data   RO         2755    Region$$Table       anon$$obj.o


    Execution Region RW_m_data (Exec base: 0x1fffe000, Load base: 0x00003910, Size: 0x000000bc, Max: 0x00007800, ABSOLUTE)

    Exec Addr    Load Addr    Size         Type   Attr      Idx    E Section Name        Object

    0x1fffe000   0x00003910   0x00000074   Data   RW           19    .data               main.o
    0x1fffe074   0x00003984   0x00000001   Data   RW          195    .data               lcd.o
    0x1fffe075   0x00003985   0x00000003   PAD
    0x1fffe078   0x00003988   0x00000010   Data   RW          547    .data               fsl_clock.o
    0x1fffe088   0x00003998   0x00000010   Data   RW         1313    .data               fsl_i2c.o
    0x1fffe098   0x000039a8   0x00000008   Data   RW         1568    .data               fsl_lpsci.o
    0x1fffe0a0   0x000039b0   0x00000004   Data   RW         1872    .data               fsl_uart.o
    0x1fffe0a4   0x000039b4   0x00000008   Data   RW         2147    .data               fsl_io.o
    0x1fffe0ac   0x000039bc   0x00000004   Data   RW         2311    .data               system_mkl46z4.o
    0x1fffe0b0        -       0x0000000c   Zero   RW         1869    .bss                fsl_uart.o


    Execution Region ARM_LIB_HEAP (Exec base: 0x1fffe0bc, Load base: 0x000039c0, Size: 0x00000400, Max: 0x00000400, ABSOLUTE)

    Exec Addr    Load Addr    Size         Type   Attr      Idx    E Section Name        Object

    0x1fffe0bc        -       0x00000400   Zero   RW            1    ARM_LIB_HEAP.bss    anon$$obj.o


    Execution Region ARM_LIB_STACK (Exec base: 0x20005c00, Load base: 0x000039c0, Size: 0x00000400, Max: 0x00000400, ABSOLUTE)

    Exec Addr    Load Addr    Size         Type   Attr      Idx    E Section Name        Object

    0x20005c00        -       0x00000400   Zero   RW            2    ARM_LIB_STACK.bss   anon$$obj.o


==============================================================================

Image component sizes


      Code (inc. data)   RO Data    RW Data    ZI Data      Debug   Object Name

        60          8          0          0          0       7192   board.o
       136         40         56          0          0       8563   clock_config.o
      1230        176        177         16          0      24359   fsl_clock.o
        88         48         91          0          0        758   fsl_debug_console.o
       112         30          0         16          0      16076   fsl_i2c.o
       248         22         83          8          0       8730   fsl_io.o
        30          0          0          0          0       1279   fsl_log.o
       608        118         93          8          0      11383   fsl_lpsci.o
       532        124        108          4         12       7477   fsl_uart.o
      1008         28          0          0          0       2868   i2c.o
       484         60        236          1          0       3956   lcd.o
       616         66          0          0          0       2036   mag.o
      1666        256          0        116          0     300692   main.o
       100         16          0          0          0       9328   pin_mux.o
       156         70        208          0          0       1140   startup_mkl46z4.o
        22          6          0          4          0       1044   system_mkl46z4.o

    ----------------------------------------------------------------------
      7104       1068       1092        176       2060     406881   Object Totals
         0          0         32          0       2048          0   (incl. Generated)
         8          0          8          3          0          0   (incl. Padding)

    ----------------------------------------------------------------------

      Code (inc. data)   RO Data    RW Data    ZI Data      Debug   Library Member Name

         8          0          0          0          0         68   __main.o
       284          0          0          0          0        136   __printf_wp.o
         0          0          0          0          0          0   __rtentry.o
        12          0          0          0          0          0   __rtentry2.o
         8          4          0          0          0          0   __rtentry7.o
        60          8          0          0          0          0   __scatter.o
        26          0          0          0          0          0   __scatter_copy.o
        28          0          0          0          0          0   __scatter_zi.o
        48          6          0          0          0         88   _printf_char_common.o
        10          0          0          0          0          0   _printf_d.o
       108         18          0          0          0         76   _printf_dec.o
       176          0          0          0          0         84   _printf_intcommon.o
        78          0          0          0          0        100   _printf_pad.o
         2          0          0          0          0          0   _printf_percent.o
         4          0          0          0          0          0   _printf_percent_end.o
        16          0          0          0          0         60   _snputc.o
        10          0          0          0          0         60   _sputc.o
        20          0          0          0          0         68   abort.o
       346          0          0          0          0         92   aeabi_sdiv.o
       124         42          0          0          0         68   assert.o
        20          0          0          0          0         68   assert_puts.o
        48         34          0          0          0         68   defsig_abrt_inner.o
        12          0          0          0          0         68   defsig_abrt_outer.o
        12          0          0          0          0         68   defsig_exit.o
        52          0          0          0          0         72   defsig_general.o
        16          0          0          0          0         68   exit.o
         0          0          0          0          0          0   indicate_semi.o
         2          0          0          0          0          0   libinit.o
         2          0          0          0          0          0   libinit2.o
         2          0          0          0          0          0   libshutdown.o
         2          0          0          0          0          0   libshutdown2.o
        56          6          0          0          0         84   noretval__2snprintf.o
         2          0          0          0          0          0   rtexit.o
        10          0          0          0          0          0   rtexit2.o
        40          0          0          0          0         60   rtudiv10.o
        12          4          0          0          0         60   sys_exit.o
        12          0          0          0          0         68   sys_wrch.o
         2          0          0          0          0         68   use_no_semi.o
       856         20          0          0          0        208   daddsub.o
      1096         26        128          0          0        112   ddiv.o
       108         10          0          0          0         72   dfixi.o
        88          0          0          0          0         92   dflti.o
       584         26          0          0          0         84   dmul.o
        96         12          0          0          0         72   dscalbn.o
         0          0          0          0          0          0   usenofp.o
       540         68        152          0          0        112   atan.o
        30          6          0          0          0        136   dunder.o
        44          4          0          0          0         60   fpclassify.o
       172          0          0          0          0         76   poly.o

    ----------------------------------------------------------------------
      5300        294        280          0          0       2676   Library Totals
        16          0          0          0          0          0   (incl. Padding)

    ----------------------------------------------------------------------

      Code (inc. data)   RO Data    RW Data    ZI Data      Debug   Library Name

      1670        122          0          0          0       1652   c_p.l
      2828         94        128          0          0        640   fz_ps.l
       786         78        152          0          0        384   m_ps.l

    ----------------------------------------------------------------------
      5300        294        280          0          0       2676   Library Totals

    ----------------------------------------------------------------------

==============================================================================


      Code (inc. data)   RO Data    RW Data    ZI Data      Debug   

     12404       1362       1372        176       2060     405337   Grand Totals
     12404       1362       1372        176       2060     405337   ELF Image Totals
     12404       1362       1372        176          0          0   ROM Totals

==============================================================================

    Total RO  Size (Code + RO Data)                13776 (  13.45kB)
    Total RW  Size (RW Data + ZI Data)              2236 (   2.18kB)
    Total ROM Size (Code + RO Data + RW Data)      13952 (  13.63kB)

==============================================================================

